Archive member included to satisfy reference by file (symbol)

../app/libapp.a(main.c.obj)   (--whole-archive)
libzephyr.a(heap.c.obj)       (--whole-archive)
libzephyr.a(cbprintf_packaged.c.obj)
                              (--whole-archive)
libzephyr.a(printk.c.obj)     (--whole-archive)
libzephyr.a(sem.c.obj)        (--whole-archive)
libzephyr.a(thread_entry.c.obj)
                              (--whole-archive)
libzephyr.a(cbprintf_complete.c.obj)
                              (--whole-archive)
libzephyr.a(assert.c.obj)     (--whole-archive)
libzephyr.a(reboot.c.obj)     (--whole-archive)
libzephyr.a(dec.c.obj)        (--whole-archive)
libzephyr.a(hex.c.obj)        (--whole-archive)
libzephyr.a(rb.c.obj)         (--whole-archive)
libzephyr.a(timeutil.c.obj)   (--whole-archive)
libzephyr.a(bitarray.c.obj)   (--whole-archive)
libzephyr.a(ring_buffer.c.obj)
                              (--whole-archive)
libzephyr.a(resource_table.c.obj)
                              (--whole-archive)
libzephyr.a(configs.c.obj)    (--whole-archive)
libzephyr.a(ctrl_partitions.c.obj)
                              (--whole-archive)
libzephyr.a(soc.c.obj)        (--whole-archive)
libzephyr.a(tracing_none.c.obj)
                              (--whole-archive)
arch/common/libarch__common.a(sw_isr_common.c.obj)
                              (--whole-archive)
arch/arch/arm/core/libarch__arm__core.a(fatal.c.obj)
                              (--whole-archive)
arch/arch/arm/core/libarch__arm__core.a(nmi.c.obj)
                              (--whole-archive)
arch/arch/arm/core/libarch__arm__core.a(nmi_on_reset.S.obj)
                              (--whole-archive)
arch/arch/arm/core/libarch__arm__core.a(tls.c.obj)
                              (--whole-archive)
arch/arch/arm/core/cortex_a_r/libarch__arm__core__cortex_a_r.a(exc.S.obj)
                              (--whole-archive)
arch/arch/arm/core/cortex_a_r/libarch__arm__core__cortex_a_r.a(fault.c.obj)
                              (--whole-archive)
arch/arch/arm/core/cortex_a_r/libarch__arm__core__cortex_a_r.a(irq_init.c.obj)
                              (--whole-archive)
arch/arch/arm/core/cortex_a_r/libarch__arm__core__cortex_a_r.a(reboot.c.obj)
                              (--whole-archive)
arch/arch/arm/core/cortex_a_r/libarch__arm__core__cortex_a_r.a(reset.S.obj)
                              (--whole-archive)
arch/arch/arm/core/cortex_a_r/libarch__arm__core__cortex_a_r.a(stacks.c.obj)
                              (--whole-archive)
arch/arch/arm/core/cortex_a_r/libarch__arm__core__cortex_a_r.a(tcm.c.obj)
                              (--whole-archive)
arch/arch/arm/core/cortex_a_r/libarch__arm__core__cortex_a_r.a(vector_table.S.obj)
                              (--whole-archive)
arch/arch/arm/core/cortex_a_r/libarch__arm__core__cortex_a_r.a(irq_manage.c.obj)
                              (--whole-archive)
arch/arch/arm/core/cortex_a_r/libarch__arm__core__cortex_a_r.a(prep_c.c.obj)
                              (--whole-archive)
arch/arch/arm/core/cortex_a_r/libarch__arm__core__cortex_a_r.a(thread.c.obj)
                              (--whole-archive)
arch/arch/arm/core/cortex_a_r/libarch__arm__core__cortex_a_r.a(cpu_idle.S.obj)
                              (--whole-archive)
arch/arch/arm/core/cortex_a_r/libarch__arm__core__cortex_a_r.a(smp.c.obj)
                              (--whole-archive)
arch/arch/arm/core/cortex_a_r/libarch__arm__core__cortex_a_r.a(isr_wrapper.S.obj)
                              (--whole-archive)
arch/arch/arm/core/cortex_a_r/libarch__arm__core__cortex_a_r.a(__aeabi_read_tp.S.obj)
                              (--whole-archive)
arch/arch/arm/core/cortex_a_r/libarch__arm__core__cortex_a_r.a(swap_helper.S.obj)
                              (--whole-archive)
arch/arch/arm/core/cortex_a_r/libarch__arm__core__cortex_a_r.a(exc_exit.S.obj)
                              (--whole-archive)
lib/libc/picolibc/liblib__libc__picolibc.a(assert.c.obj)
                              (--whole-archive)
lib/libc/picolibc/liblib__libc__picolibc.a(cbprintf.c.obj)
                              (--whole-archive)
lib/libc/picolibc/liblib__libc__picolibc.a(chk_fail.c.obj)
                              (--whole-archive)
lib/libc/picolibc/liblib__libc__picolibc.a(errno_wrap.c.obj)
                              (--whole-archive)
lib/libc/picolibc/liblib__libc__picolibc.a(exit.c.obj)
                              (--whole-archive)
lib/libc/picolibc/liblib__libc__picolibc.a(locks.c.obj)
                              (--whole-archive)
lib/libc/picolibc/liblib__libc__picolibc.a(stdio.c.obj)
                              (--whole-archive)
lib/libc/common/liblib__libc__common.a(abort.c.obj)
                              (--whole-archive)
lib/libc/common/liblib__libc__common.a(malloc.c.obj)
                              (--whole-archive)
drivers/interrupt_controller/libdrivers__interrupt_controller.a(intc_vim.c.obj)
                              (--whole-archive)
[...]
Memory Configuration

Name             Origin             Length             Attributes
FLASH            0x0000000000000000 0x0000000000000000 xr
RAM              0x0000000000000000 0x0000000000008000 xw
ATCM             0x0000000000000000 0x0000000000008000 rw
BTCM             0x0000000041010000 0x0000000000008000 rw
RSC_TABLE        0x00000000a1100000 0x0000000000100000 rw
DRAM             0x00000000a1200000 0x0000000000e00000 rw
IDT_LIST         0x00000000ffff8000 0x0000000000008000 xw
*default*        0x0000000000000000 0xffffffffffffffff

Linker script and memory map

                0x0000000000001f50                vfprintf = __d_vfprintf
                0x0000000000000000                vfscanf = __d_vfscanf
LOAD CMakeFiles/zephyr_pre0.dir/misc/empty_file.c.obj
LOAD CMakeFiles/offsets.dir/arch/arm/core/offsets/offsets.c.obj
LOAD ../app/libapp.a
LOAD libzephyr.a
LOAD arch/common/libarch__common.a
LOAD arch/arch/arm/core/libarch__arm__core.a
LOAD arch/arch/arm/core/cortex_a_r/libarch__arm__core__cortex_a_r.a
LOAD lib/libc/picolibc/liblib__libc__picolibc.a
LOAD lib/libc/common/liblib__libc__common.a
LOAD drivers/interrupt_controller/libdrivers__interrupt_controller.a
LOAD drivers/console/libdrivers__console.a
LOAD drivers/gpio/libdrivers__gpio.a
LOAD drivers/pinctrl/libdrivers__pinctrl.a
LOAD drivers/serial/libdrivers__serial.a
LOAD drivers/timer/libdrivers__timer.a
LOAD ../modules/libmetal/libmetal/lib/libmetal.a
LOAD ../modules/open-amp/open-amp/lib/libopen_amp.a
LOAD kernel/libkernel.a
LOAD arch/common/libisr_tables.a
LOAD /home/aki/zephyr-sdk-0.17.0/arm-zephyr-eabi/bin/../lib/gcc/../../picolibc/arm-zephyr-eabi/lib/thumb/v7-r+fp.sp/hard/libc.a
LOAD /home/aki/zephyr-sdk-0.17.0/arm-zephyr-eabi/bin/../lib/gcc/arm-zephyr-eabi/12.2.0/thumb/v7-r+fp.sp/hard/libgcc.a
                0x0000000000000004                _region_min_align = 0x4

.rel.plt        0x0000000000000000        0x0
 *(SORT_BY_ALIGNMENT(.rel.plt))
                [!provide]                        PROVIDE (__rel_iplt_start = .)
 *(SORT_BY_ALIGNMENT(.rel.iplt))
 .rel.iplt      0x0000000000000000        0x0 ../app/libapp.a(main.c.obj)
                [!provide]                        PROVIDE (__rel_iplt_end = .)

.rela.plt       0x0000000000000000        0x0
 *(SORT_BY_ALIGNMENT(.rela.plt))
                [!provide]                        PROVIDE (__rela_iplt_start = .)
 *(SORT_BY_ALIGNMENT(.rela.iplt))
                [!provide]                        PROVIDE (__rela_iplt_end = .)

.rel.dyn
 *(SORT_BY_ALIGNMENT(.rel.*))

.rela.dyn
 *(SORT_BY_ALIGNMENT(.rela.*))

.plt
 *(SORT_BY_ALIGNMENT(.plt))

.iplt           0x0000000000000000        0x0
 *(SORT_BY_ALIGNMENT(.iplt))
 .iplt          0x0000000000000000        0x0 ../app/libapp.a(main.c.obj)
                0x0000000000000000                __rom_region_start = 0x0

rom_start       0x0000000000000000       0x3c
                0x0000000000000000                __rom_start_address = .
 FILL mask 0x00
                0x0000000000000000                . = (. + (0x0 - (. - __rom_start_address)))
                0x0000000000000000                . = ALIGN (0x4)
                0x0000000000000000                _vector_start = .
 *(SORT_BY_ALIGNMENT(.exc_vector_table))
 *(SORT_BY_ALIGNMENT(.exc_vector_table.*))
 .exc_vector_table._vector_table_section
                0x0000000000000000       0x3c arch/arch/arm/core/cortex_a_r/libarch__arm__core__cortex_a_r.a(vector_table.S.obj)
                0x0000000000000000                _vector_table
 *(SORT_BY_ALIGNMENT(.vectors))
                0x000000000000003c                _vector_end = .

text            0x0000000000000040     0x4840
                0x0000000000000040                . = ALIGN (_region_min_align)
                0x0000000000000040                __text_region_start = .
                0x0000000000000040                z_mapped_start = .
 *(SORT_BY_ALIGNMENT(.text))
 .text          0x0000000000000040      0x378 /home/aki/zephyr-sdk-0.17.0/arm-zephyr-eabi/bin/../lib/gcc/arm-zephyr-eabi/12.2.0/thumb/v7-r+fp.sp/hard/libgcc.a(_arm_addsubdf3.o)
                0x0000000000000040                __aeabi_drsub
                0x0000000000000048                __aeabi_dsub
                0x0000000000000048                __subdf3
                0x000000000000004c                __adddf3
                0x000000000000004c                __aeabi_dadd
                0x00000000000002c4                __aeabi_ui2d
                0x00000000000002c4                __floatunsidf
                0x00000000000002e4                __floatsidf
                0x00000000000002e4                __aeabi_i2d
                0x0000000000000308                __extendsfdf2
                0x0000000000000308                __aeabi_f2d
                0x000000000000034c                __aeabi_ul2d
                0x000000000000034c                __floatundidf
                0x000000000000035c                __floatdidf
                0x000000000000035c                __aeabi_l2d
 .text          0x00000000000003b8       0x30 /home/aki/zephyr-sdk-0.17.0/arm-zephyr-eabi/bin/../lib/gcc/arm-zephyr-eabi/12.2.0/thumb/v7-r+fp.sp/hard/libgcc.a(_aeabi_uldivmod.o)
                0x00000000000003b8                __aeabi_uldivmod
 .text          0x00000000000003e8        0x4 /home/aki/zephyr-sdk-0.17.0/arm-zephyr-eabi/bin/../lib/gcc/arm-zephyr-eabi/12.2.0/thumb/v7-r+fp.sp/hard/libgcc.a(_dvmd_tls.o)
                0x00000000000003e8                __aeabi_ldiv0
                0x00000000000003e8                __aeabi_idiv0
 .text          0x00000000000003ec      0x29c /home/aki/zephyr-sdk-0.17.0/arm-zephyr-eabi/bin/../lib/gcc/arm-zephyr-eabi/12.2.0/thumb/v7-r+fp.sp/hard/libgcc.a(_udivmoddi4.o)
                0x00000000000003ec                __udivmoddi4
 *(SORT_BY_ALIGNMENT(.text.*))
 .text.gpio_pin_set_dt.constprop.0.isra.0
                0x0000000000000688       0x24 ../app/libapp.a(main.c.obj)
 .text.initialize_gpio
                0x00000000000006ac       0x6c ../app/libapp.a(main.c.obj)
 .text.main     0x0000000000000718      0x214 ../app/libapp.a(main.c.obj)
                0x0000000000000718                main
 .text.char_out
                0x000000000000092c        0xc libzephyr.a(printk.c.obj)
 .text.__printk_hook_install
                0x0000000000000938        0xc libzephyr.a(printk.c.obj)
                0x0000000000000938                __printk_hook_install
 .text.vprintk  0x0000000000000944       0x30 libzephyr.a(printk.c.obj)
                0x0000000000000944                vprintk
 .text.z_thread_entry
                0x0000000000000974       0x34 libzephyr.a(thread_entry.c.obj)
                0x0000000000000974                z_thread_entry
 .text.z_arm_nmi
                0x00000000000009a8       0x14 arch/arch/arm/core/libarch__arm__core.a(nmi.c.obj)
                0x00000000000009a8                z_arm_nmi
 .text.z_SysNmiOnReset
                0x00000000000009bc        0x8 arch/arch/arm/core/libarch__arm__core.a(nmi_on_reset.S.obj)
                0x00000000000009bc                z_SysNmiOnReset
 .text.arch_tls_stack_setup
                0x00000000000009c4       0x40 arch/arch/arm/core/libarch__arm__core.a(tls.c.obj)
                0x00000000000009c4                arch_tls_stack_setup
 .text.__exc    0x0000000000000a04      0x11c arch/arch/arm/core/cortex_a_r/libarch__arm__core__cortex_a_r.a(exc.S.obj)
                0x0000000000000a04                z_arm_undef_instruction
                0x0000000000000a74                z_arm_prefetch_abort
                0x0000000000000ac4                z_arm_data_abort
 .text.z_arm_fault_undef_instruction_fp
                0x0000000000000b20       0x60 arch/arch/arm/core/cortex_a_r/libarch__arm__core__cortex_a_r.a(fault.c.obj)
                0x0000000000000b20                z_arm_fault_undef_instruction_fp
 .text._reset_section
                0x0000000000000b80       0x78 arch/arch/arm/core/cortex_a_r/libarch__arm__core__cortex_a_r.a(reset.S.obj)
                0x0000000000000b80                z_arm_reset
                0x0000000000000b80                __start
 .text.z_prep_c
                0x0000000000000bf8       0x30 arch/arch/arm/core/cortex_a_r/libarch__arm__core__cortex_a_r.a(prep_c.c.obj)
                0x0000000000000bf8                z_prep_c
 .text.arch_new_thread
                0x0000000000000c28       0x44 arch/arch/arm/core/cortex_a_r/libarch__arm__core__cortex_a_r.a(thread.c.obj)
                0x0000000000000c28                arch_new_thread
 .text.arch_float_disable
                0x0000000000000c6c       0x40 arch/arch/arm/core/cortex_a_r/libarch__arm__core__cortex_a_r.a(thread.c.obj)
                0x0000000000000c6c                arch_float_disable
 .text.arch_cpu_idle
                0x0000000000000cac       0x14 arch/arch/arm/core/cortex_a_r/libarch__arm__core__cortex_a_r.a(cpu_idle.S.obj)
                0x0000000000000cac                arch_cpu_idle
 .text._isr_wrapper
                0x0000000000000cc0       0xb8 arch/arch/arm/core/cortex_a_r/libarch__arm__core__cortex_a_r.a(isr_wrapper.S.obj)
                0x0000000000000cc0                _isr_wrapper
 .text.__aeabi_read_tp
                0x0000000000000d78        0x8 arch/arch/arm/core/cortex_a_r/libarch__arm__core__cortex_a_r.a(__aeabi_read_tp.S.obj)
                0x0000000000000d78                __aeabi_read_tp
 .text.z_arm_do_swap
                0x0000000000000d80       0xcc arch/arch/arm/core/cortex_a_r/libarch__arm__core__cortex_a_r.a(swap_helper.S.obj)
                0x0000000000000d80                z_arm_do_swap
 .text.z_arm_svc
                0x0000000000000e4c       0xc0 arch/arch/arm/core/cortex_a_r/libarch__arm__core__cortex_a_r.a(swap_helper.S.obj)
                0x0000000000000e4c                z_arm_svc
 .text.z_arm_cortex_r_svc
                0x0000000000000f0c        0x8 arch/arch/arm/core/cortex_a_r/libarch__arm__core__cortex_a_r.a(swap_helper.S.obj)
                0x0000000000000f0c                z_arm_cortex_r_svc
 .text._HandlerModeExit
                0x0000000000000f14      0x164 arch/arch/arm/core/cortex_a_r/libarch__arm__core__cortex_a_r.a(exc_exit.S.obj)
                0x0000000000000f14                z_arm_int_exit
                0x0000000000000fbc                z_arm_exc_exit
 .text._exit    0x0000000000001078       0x10 lib/libc/picolibc/liblib__libc__picolibc.a(exit.c.obj)
                0x0000000000001078                _exit
 .text.z_impl_zephyr_fputc
                0x0000000000001088       0x10 lib/libc/picolibc/liblib__libc__picolibc.a(stdio.c.obj)
                0x0000000000001088                z_impl_zephyr_fputc
 .text.__stdout_hook_install
                0x0000000000001098       0x18 lib/libc/picolibc/liblib__libc__picolibc.a(stdio.c.obj)
                0x0000000000001098                __stdout_hook_install
 .text.malloc_prepare
                0x00000000000010b0       0x20 lib/libc/common/liblib__libc__common.a(malloc.c.obj)
 .text.z_vim_irq_get_active
                0x00000000000010d0       0x48 drivers/interrupt_controller/libdrivers__interrupt_controller.a(intc_vim.c.obj)
                0x00000000000010d0                z_vim_irq_get_active
 .text.z_vim_irq_eoi
                0x0000000000001118       0x10 drivers/interrupt_controller/libdrivers__interrupt_controller.a(intc_vim.c.obj)
                0x0000000000001118                z_vim_irq_eoi
 .text.z_vim_irq_priority_set
                0x0000000000001128       0x50 drivers/interrupt_controller/libdrivers__interrupt_controller.a(intc_vim.c.obj)
                0x0000000000001128                z_vim_irq_priority_set
 .text.z_vim_irq_enable
                0x0000000000001178       0x24 drivers/interrupt_controller/libdrivers__interrupt_controller.a(intc_vim.c.obj)
                0x0000000000001178                z_vim_irq_enable
 .text.uart_console_init
                0x000000000000119c       0x28 drivers/console/libdrivers__console.a(uart_console.c.obj)
 .text.console_out
                0x00000000000011c4       0x28 drivers/console/libdrivers__console.a(uart_console.c.obj)
 .text.pinctrl_configure_pins
                0x00000000000011ec       0x2c drivers/pinctrl/libdrivers__pinctrl.a(pinctrl_ti_k3.c.obj)
                0x00000000000011ec                pinctrl_configure_pins
 .text.ti_dmtimer_isr
                0x0000000000001218       0x68 drivers/timer/libdrivers__timer.a(ti_dmtimer.c.obj)
 .text.sys_clock_driver_init
                0x0000000000001280       0xe8 drivers/timer/libdrivers__timer.a(ti_dmtimer.c.obj)
 .text.sys_clock_set_timeout
                0x0000000000001368       0x5c drivers/timer/libdrivers__timer.a(ti_dmtimer.c.obj)
                0x0000000000001368                sys_clock_set_timeout
 .text.sys_clock_cycle_get_32
                0x00000000000013c4       0x24 drivers/timer/libdrivers__timer.a(ti_dmtimer.c.obj)
                0x00000000000013c4                sys_clock_cycle_get_32
 .text.sys_clock_elapsed
                0x00000000000013e8       0x34 drivers/timer/libdrivers__timer.a(ti_dmtimer.c.obj)
                0x00000000000013e8                sys_clock_elapsed
 .text.z_impl_k_busy_wait
                0x000000000000141c       0x38 kernel/libkernel.a(busy_wait.c.obj)
                0x000000000000141c                z_impl_k_busy_wait
 .text.z_fatal_error
                0x0000000000001454       0x38 kernel/libkernel.a(fatal.c.obj)
                0x0000000000001454                z_fatal_error
 .text.z_sys_init_run_level
                0x000000000000148c       0x30 kernel/libkernel.a(init.c.obj)
 .text.bg_thread_main
                0x00000000000014bc       0xc4 kernel/libkernel.a(init.c.obj)
 .text.z_bss_zero
                0x0000000000001580       0x18 kernel/libkernel.a(init.c.obj)
                0x0000000000001580                z_bss_zero
 .text.z_init_cpu
                0x0000000000001598       0x68 kernel/libkernel.a(init.c.obj)
                0x0000000000001598                z_init_cpu
 .text.z_cstart
                0x0000000000001600       0x94 kernel/libkernel.a(init.c.obj)
                0x0000000000001600                z_cstart
 .text.z_setup_new_thread
                0x0000000000001694       0x6c kernel/libkernel.a(thread.c.obj)
                0x0000000000001694                z_setup_new_thread
 .text.z_dummy_thread_init
                0x0000000000001700       0x14 kernel/libkernel.a(thread.c.obj)
                0x0000000000001700                z_dummy_thread_init
 .text.ready_thread
                0x0000000000001714       0x80 kernel/libkernel.a(sched.c.obj)
 .text.z_swap_irqlock
                0x0000000000001794       0x24 kernel/libkernel.a(sched.c.obj)
 .text.move_thread_to_end_of_prio_q
                0x00000000000017b8       0x8c kernel/libkernel.a(sched.c.obj)
                0x00000000000017b8                move_thread_to_end_of_prio_q
 .text.z_reschedule
                0x0000000000001844       0x24 kernel/libkernel.a(sched.c.obj)
                0x0000000000001844                z_reschedule
 .text.z_reschedule_irqlock
                0x0000000000001868       0x24 kernel/libkernel.a(sched.c.obj)
                0x0000000000001868                z_reschedule_irqlock
 .text.k_sched_lock
                0x000000000000188c       0x20 kernel/libkernel.a(sched.c.obj)
                0x000000000000188c                k_sched_lock
 .text.k_sched_unlock
                0x00000000000018ac       0x50 kernel/libkernel.a(sched.c.obj)
                0x00000000000018ac                k_sched_unlock
 .text.z_sched_init
                0x00000000000018fc       0x10 kernel/libkernel.a(sched.c.obj)
                0x00000000000018fc                z_sched_init
 .text.z_impl_k_wakeup
                0x000000000000190c       0x40 kernel/libkernel.a(sched.c.obj)
                0x000000000000190c                z_impl_k_wakeup
 .text.z_impl_k_sched_current_thread_query
                0x000000000000194c        0xc kernel/libkernel.a(sched.c.obj)
                0x000000000000194c                z_impl_k_sched_current_thread_query
 .text.z_thread_abort
                0x0000000000001958      0x138 kernel/libkernel.a(sched.c.obj)
                0x0000000000001958                z_thread_abort
 .text.slice_timeout
                0x0000000000001a90       0x20 kernel/libkernel.a(timeslicing.c.obj)
 .text.thread_is_sliceable
                0x0000000000001ab0       0x3c kernel/libkernel.a(timeslicing.c.obj)
                0x0000000000001ab0                thread_is_sliceable
 .text.z_reset_time_slice
                0x0000000000001aec       0x50 kernel/libkernel.a(timeslicing.c.obj)
                0x0000000000001aec                z_reset_time_slice
 .text.z_time_slice
                0x0000000000001b3c       0x40 kernel/libkernel.a(timeslicing.c.obj)
                0x0000000000001b3c                z_time_slice
 .text.first    0x0000000000001b7c       0x10 kernel/libkernel.a(timeout.c.obj)
 .text.elapsed  0x0000000000001b8c       0x14 kernel/libkernel.a(timeout.c.obj)
 .text.remove_timeout
                0x0000000000001ba0       0x38 kernel/libkernel.a(timeout.c.obj)
 .text.z_add_timeout
                0x0000000000001bd8       0xdc kernel/libkernel.a(timeout.c.obj)
                0x0000000000001bd8                z_add_timeout
 .text.sys_clock_announce
                0x0000000000001cb4       0xa0 kernel/libkernel.a(timeout.c.obj)
                0x0000000000001cb4                sys_clock_announce
 .text.boot_banner
                0x0000000000001d54        0xc kernel/libkernel.a(banner.c.obj)
                0x0000000000001d54                boot_banner
 .text.random   0x0000000000001d60       0x38 /home/aki/zephyr-sdk-0.17.0/arm-zephyr-eabi/bin/../lib/gcc/../../picolibc/arm-zephyr-eabi/lib/thumb/v7-r+fp.sp/hard/libc.a(libc_stdlib_random.c.o)
                0x0000000000001d60                random
 .text.exit     0x0000000000001d98       0x1c /home/aki/zephyr-sdk-0.17.0/arm-zephyr-eabi/bin/../lib/gcc/../../picolibc/arm-zephyr-eabi/lib/thumb/v7-r+fp.sp/hard/libc.a(libc_stdlib_pico-exit.c.o)
                0x0000000000001d98                exit
 .text.printf   0x0000000000001db4       0x24 /home/aki/zephyr-sdk-0.17.0/arm-zephyr-eabi/bin/../lib/gcc/../../picolibc/arm-zephyr-eabi/lib/thumb/v7-r+fp.sp/hard/libc.a(libc_tinystdio_printf.c.o)
                0x0000000000001db4                printf
 .text.puts     0x0000000000001dd8       0x40 /home/aki/zephyr-sdk-0.17.0/arm-zephyr-eabi/bin/../lib/gcc/../../picolibc/arm-zephyr-eabi/lib/thumb/v7-r+fp.sp/hard/libc.a(libc_tinystdio_puts.c.o)
                0x0000000000001dd8                puts
 .text.skip_to_arg
                0x0000000000001e18      0x138 /home/aki/zephyr-sdk-0.17.0/arm-zephyr-eabi/bin/../lib/gcc/../../picolibc/arm-zephyr-eabi/lib/thumb/v7-r+fp.sp/hard/libc.a(libc_tinystdio_vfprintf.c.o)
 .text.vfprintf
                0x0000000000001f50      0x9a0 /home/aki/zephyr-sdk-0.17.0/arm-zephyr-eabi/bin/../lib/gcc/../../picolibc/arm-zephyr-eabi/lib/thumb/v7-r+fp.sp/hard/libc.a(libc_tinystdio_vfprintf.c.o)
                0x0000000000001f50                __d_vfprintf
 .text.div10    0x00000000000028f0       0x28 /home/aki/zephyr-sdk-0.17.0/arm-zephyr-eabi/bin/../lib/gcc/../../picolibc/arm-zephyr-eabi/lib/thumb/v7-r+fp.sp/hard/libc.a(libc_tinystdio_dtoa_ryu.c.o)
 .text.__dtoa_engine
                0x0000000000002918      0x4ac /home/aki/zephyr-sdk-0.17.0/arm-zephyr-eabi/bin/../lib/gcc/../../picolibc/arm-zephyr-eabi/lib/thumb/v7-r+fp.sp/hard/libc.a(libc_tinystdio_dtoa_ryu.c.o)
                0x0000000000002918                __dtoa_engine
 .text.__log10Pow2
                0x0000000000002dc4        0xc /home/aki/zephyr-sdk-0.17.0/arm-zephyr-eabi/bin/../lib/gcc/../../picolibc/arm-zephyr-eabi/lib/thumb/v7-r+fp.sp/hard/libc.a(libc_tinystdio_ryu_log10.c.o)
                0x0000000000002dc4                __log10Pow2
 .text.__log10Pow5
                0x0000000000002dd0        0xc /home/aki/zephyr-sdk-0.17.0/arm-zephyr-eabi/bin/../lib/gcc/../../picolibc/arm-zephyr-eabi/lib/thumb/v7-r+fp.sp/hard/libc.a(libc_tinystdio_ryu_log10.c.o)
                0x0000000000002dd0                __log10Pow5
 .text.__pow5bits
                0x0000000000002ddc       0x10 /home/aki/zephyr-sdk-0.17.0/arm-zephyr-eabi/bin/../lib/gcc/../../picolibc/arm-zephyr-eabi/lib/thumb/v7-r+fp.sp/hard/libc.a(libc_tinystdio_ryu_pow5bits.c.o)
                0x0000000000002ddc                __pow5bits
 .text.__pow5Factor
                0x0000000000002dec       0x30 /home/aki/zephyr-sdk-0.17.0/arm-zephyr-eabi/bin/../lib/gcc/../../picolibc/arm-zephyr-eabi/lib/thumb/v7-r+fp.sp/hard/libc.a(libc_tinystdio_ryu_table.c.o)
                0x0000000000002dec                __pow5Factor
 .text.__double_computePow5
                0x0000000000002e1c       0xe4 /home/aki/zephyr-sdk-0.17.0/arm-zephyr-eabi/bin/../lib/gcc/../../picolibc/arm-zephyr-eabi/lib/thumb/v7-r+fp.sp/hard/libc.a(libc_tinystdio_ryu_table.c.o)
                0x0000000000002e1c                __double_computePow5
 .text.__double_computeInvPow5
                0x0000000000002f00       0xf8 /home/aki/zephyr-sdk-0.17.0/arm-zephyr-eabi/bin/../lib/gcc/../../picolibc/arm-zephyr-eabi/lib/thumb/v7-r+fp.sp/hard/libc.a(libc_tinystdio_ryu_table.c.o)
                0x0000000000002f00                __double_computeInvPow5
 .text.cosf     0x0000000000002ff8       0x8c /home/aki/zephyr-sdk-0.17.0/arm-zephyr-eabi/bin/../lib/gcc/../../picolibc/arm-zephyr-eabi/lib/thumb/v7-r+fp.sp/hard/libc.a(libm_math_sf_cos.c.o)
                0x0000000000002ff8                cosf
                0x0000000000002ff8                _cosf
 .text.__rem_pio2f
                0x0000000000003084      0x258 /home/aki/zephyr-sdk-0.17.0/arm-zephyr-eabi/bin/../lib/gcc/../../picolibc/arm-zephyr-eabi/lib/thumb/v7-r+fp.sp/hard/libc.a(libm_math_sf_rem_pio2.c.o)
                0x0000000000003084                __rem_pio2f
 .text.sinf     0x00000000000032dc       0x90 /home/aki/zephyr-sdk-0.17.0/arm-zephyr-eabi/bin/../lib/gcc/../../picolibc/arm-zephyr-eabi/lib/thumb/v7-r+fp.sp/hard/libc.a(libm_math_sf_sin.c.o)
                0x00000000000032dc                _sinf
                0x00000000000032dc                sinf
 .text.__math_invalidf
                0x000000000000336c       0x28 /home/aki/zephyr-sdk-0.17.0/arm-zephyr-eabi/bin/../lib/gcc/../../picolibc/arm-zephyr-eabi/lib/thumb/v7-r+fp.sp/hard/libc.a(libm_common_math_errf_invalidf.c.o)
                0x000000000000336c                __math_invalidf
 .text.__libc_fini_array
                0x0000000000003394       0x2c /home/aki/zephyr-sdk-0.17.0/arm-zephyr-eabi/bin/../lib/gcc/../../picolibc/arm-zephyr-eabi/lib/thumb/v7-r+fp.sp/hard/libc.a(libc_misc_fini.c.o)
                0x0000000000003394                __libc_fini_array
 .text.__kernel_cosf
                0x00000000000033c0       0xb0 /home/aki/zephyr-sdk-0.17.0/arm-zephyr-eabi/bin/../lib/gcc/../../picolibc/arm-zephyr-eabi/lib/thumb/v7-r+fp.sp/hard/libc.a(libm_math_kf_cos.c.o)
                0x00000000000033c0                __kernel_cosf
 .text.__kernel_rem_pio2f
                0x0000000000003470      0x500 /home/aki/zephyr-sdk-0.17.0/arm-zephyr-eabi/bin/../lib/gcc/../../picolibc/arm-zephyr-eabi/lib/thumb/v7-r+fp.sp/hard/libc.a(libm_math_kf_rem_pio2.c.o)
                0x0000000000003470                __kernel_rem_pio2f
 .text.__kernel_sinf
                0x0000000000003970       0x90 /home/aki/zephyr-sdk-0.17.0/arm-zephyr-eabi/bin/../lib/gcc/../../picolibc/arm-zephyr-eabi/lib/thumb/v7-r+fp.sp/hard/libc.a(libm_math_kf_sin.c.o)
                0x0000000000003970                __kernel_sinf
 .text.__math_inexactf
                0x0000000000003a00       0x1c /home/aki/zephyr-sdk-0.17.0/arm-zephyr-eabi/bin/../lib/gcc/../../picolibc/arm-zephyr-eabi/lib/thumb/v7-r+fp.sp/hard/libc.a(libm_common_math_inexactf.c.o)
                0x0000000000003a00                __math_inexactf
 .text.scalbnf  0x0000000000003a1c       0x8c /home/aki/zephyr-sdk-0.17.0/arm-zephyr-eabi/bin/../lib/gcc/../../picolibc/arm-zephyr-eabi/lib/thumb/v7-r+fp.sp/hard/libc.a(libm_common_sf_scalbn.c.o)
                0x0000000000003a1c                ldexpf
                0x0000000000003a1c                scalbnf
 .text.__fpclassifyf
                0x0000000000003aa8       0x38 /home/aki/zephyr-sdk-0.17.0/arm-zephyr-eabi/bin/../lib/gcc/../../picolibc/arm-zephyr-eabi/lib/thumb/v7-r+fp.sp/hard/libc.a(libm_common_sf_fpclassify.c.o)
                0x0000000000003aa8                __fpclassifyf
 .text.__math_uflowf
                0x0000000000003ae0       0x20 /home/aki/zephyr-sdk-0.17.0/arm-zephyr-eabi/bin/../lib/gcc/../../picolibc/arm-zephyr-eabi/lib/thumb/v7-r+fp.sp/hard/libc.a(libm_common_math_errf_uflowf.c.o)
                0x0000000000003ae0                __math_uflowf
 .text.__math_oflowf
                0x0000000000003b00       0x20 /home/aki/zephyr-sdk-0.17.0/arm-zephyr-eabi/bin/../lib/gcc/../../picolibc/arm-zephyr-eabi/lib/thumb/v7-r+fp.sp/hard/libc.a(libm_common_math_errf_oflowf.c.o)
                0x0000000000003b00                __math_oflowf
 .text.floorf   0x0000000000003b20       0x60 /home/aki/zephyr-sdk-0.17.0/arm-zephyr-eabi/bin/../lib/gcc/../../picolibc/arm-zephyr-eabi/lib/thumb/v7-r+fp.sp/hard/libc.a(libm_machine_arm_sf_floor.c.o)
                0x0000000000003b20                floorf
 .text._OffsetAbsSyms
                0x0000000000003b80        0x2 CMakeFiles/offsets.dir/arch/arm/core/offsets/offsets.c.obj
                0x0000000000003b80                _OffsetAbsSyms
 .text.chunk_size
                0x0000000000003b82        0xa libzephyr.a(heap.c.obj)
 .text.free_list_add
                0x0000000000003b8c       0x4e libzephyr.a(heap.c.obj)
 .text.sys_heap_init
                0x0000000000003bda       0x7a libzephyr.a(heap.c.obj)
                0x0000000000003bda                sys_heap_init
 .text.arch_printk_char_out
                0x0000000000003c54        0x4 libzephyr.a(printk.c.obj)
                0x0000000000003c54                arch_printk_char_out
 .text.printk   0x0000000000003c58       0x1a libzephyr.a(printk.c.obj)
                0x0000000000003c58                printk
 .text._ConfigAbsSyms
                0x0000000000003c72        0x2 libzephyr.a(configs.c.obj)
                0x0000000000003c72                _ConfigAbsSyms
 .text.k3_unlock_all_ctrl_partitions
                0x0000000000003c74        0x2 libzephyr.a(ctrl_partitions.c.obj)
                0x0000000000003c74                k3_unlock_all_ctrl_partitions
 .text.z_soc_irq_get_active
                0x0000000000003c76        0x4 libzephyr.a(soc.c.obj)
                0x0000000000003c76                z_soc_irq_get_active
 .text.z_soc_irq_eoi
                0x0000000000003c7a        0x4 libzephyr.a(soc.c.obj)
                0x0000000000003c7a                z_soc_irq_eoi
 .text.z_soc_irq_init
                0x0000000000003c7e        0x4 libzephyr.a(soc.c.obj)
                0x0000000000003c7e                z_soc_irq_init
 .text.z_soc_irq_priority_set
                0x0000000000003c82        0x4 libzephyr.a(soc.c.obj)
                0x0000000000003c82                z_soc_irq_priority_set
 .text.z_soc_irq_enable
                0x0000000000003c86        0x4 libzephyr.a(soc.c.obj)
                0x0000000000003c86                z_soc_irq_enable
 .text.soc_early_init_hook
                0x0000000000003c8a        0x4 libzephyr.a(soc.c.obj)
                0x0000000000003c8a                soc_early_init_hook
 .text.z_arm_fatal_error
                0x0000000000003c8e        0x4 arch/arch/arm/core/libarch__arm__core.a(fatal.c.obj)
                0x0000000000003c8e                z_arm_fatal_error
 .text.z_do_kernel_oops
                0x0000000000003c92        0x8 arch/arch/arm/core/libarch__arm__core.a(fatal.c.obj)
                0x0000000000003c92                z_do_kernel_oops
 .text.dump_fault.constprop.0
                0x0000000000003c9a       0x50 arch/arch/arm/core/cortex_a_r/libarch__arm__core__cortex_a_r.a(fault.c.obj)
 .text.z_arm_fault_undef_instruction
                0x0000000000003cea       0x1e arch/arch/arm/core/cortex_a_r/libarch__arm__core__cortex_a_r.a(fault.c.obj)
                0x0000000000003cea                z_arm_fault_undef_instruction
 .text.z_arm_fault_prefetch
                0x0000000000003d08       0x24 arch/arch/arm/core/cortex_a_r/libarch__arm__core__cortex_a_r.a(fault.c.obj)
                0x0000000000003d08                z_arm_fault_prefetch
 .text.z_arm_fault_data
                0x0000000000003d2c       0x24 arch/arch/arm/core/cortex_a_r/libarch__arm__core__cortex_a_r.a(fault.c.obj)
                0x0000000000003d2c                z_arm_fault_data
 .text.z_arm_interrupt_init
                0x0000000000003d50        0x4 arch/arch/arm/core/cortex_a_r/libarch__arm__core__cortex_a_r.a(irq_init.c.obj)
                0x0000000000003d50                z_arm_interrupt_init
 .text.relocate_vector_table
                0x0000000000003d54        0x2 arch/arch/arm/core/cortex_a_r/libarch__arm__core__cortex_a_r.a(reboot.c.obj)
                0x0000000000003d54                relocate_vector_table
 .text.z_arm_relocate_vector_table
                0x0000000000003d56        0x8 arch/arch/arm/core/cortex_a_r/libarch__arm__core__cortex_a_r.a(reboot.c.obj)
                0x0000000000003d56                z_arm_relocate_vector_table
 .text.z_irq_spurious
                0x0000000000003d5e        0x8 arch/arch/arm/core/cortex_a_r/libarch__arm__core__cortex_a_r.a(irq_manage.c.obj)
                0x0000000000003d5e                z_irq_spurious
 .text.picolibc_put
                0x0000000000003d66        0xa lib/libc/picolibc/liblib__libc__picolibc.a(stdio.c.obj)
 .text.z_vim_irq_init
                0x0000000000003d70        0xc drivers/interrupt_controller/libdrivers__interrupt_controller.a(intc_vim.c.obj)
                0x0000000000003d70                z_vim_irq_init
 .text.gpio_davinci_configure
                0x0000000000003d7c       0x34 drivers/gpio/libdrivers__gpio.a(gpio_davinci.c.obj)
 .text.gpio_davinci_port_get_raw
                0x0000000000003db0        0xc drivers/gpio/libdrivers__gpio.a(gpio_davinci.c.obj)
 .text.gpio_davinci_port_set_masked_raw
                0x0000000000003dbc       0x12 drivers/gpio/libdrivers__gpio.a(gpio_davinci.c.obj)
 .text.gpio_davinci_port_set_bits_raw
                0x0000000000003dce        0xe drivers/gpio/libdrivers__gpio.a(gpio_davinci.c.obj)
 .text.gpio_davinci_port_clear_bits_raw
                0x0000000000003ddc        0xe drivers/gpio/libdrivers__gpio.a(gpio_davinci.c.obj)
 .text.gpio_davinci_port_toggle_bits
                0x0000000000003dea        0xe drivers/gpio/libdrivers__gpio.a(gpio_davinci.c.obj)
 .text.gpio_davinci_bank_0_config
                0x0000000000003df8        0x2 drivers/gpio/libdrivers__gpio.a(gpio_davinci.c.obj)
 .text.gpio_davinci_init
                0x0000000000003dfa       0x32 drivers/gpio/libdrivers__gpio.a(gpio_davinci.c.obj)
 .text.pinctrl_lookup_state
                0x0000000000003e2c       0x26 drivers/pinctrl/libdrivers__pinctrl.a(common.c.obj)
                0x0000000000003e2c                pinctrl_lookup_state
 .text.pinctrl_ti_k3_init
                0x0000000000003e52        0x4 drivers/pinctrl/libdrivers__pinctrl.a(pinctrl_ti_k3.c.obj)
 .text.ns16550_read_char
                0x0000000000003e56       0x2e drivers/serial/libdrivers__serial.a(uart_ns16550.c.obj)
 .text.uart_ns16550_config_get
                0x0000000000003e84       0x1a drivers/serial/libdrivers__serial.a(uart_ns16550.c.obj)
 .text.uart_ns16550_poll_in
                0x0000000000003e9e       0x16 drivers/serial/libdrivers__serial.a(uart_ns16550.c.obj)
 .text.uart_ns16550_poll_out
                0x0000000000003eb4       0x32 drivers/serial/libdrivers__serial.a(uart_ns16550.c.obj)
 .text.uart_ns16550_err_check
                0x0000000000003ee6       0x26 drivers/serial/libdrivers__serial.a(uart_ns16550.c.obj)
 .text.uart_ns16550_fifo_fill
                0x0000000000003f0c       0x34 drivers/serial/libdrivers__serial.a(uart_ns16550.c.obj)
 .text.uart_ns16550_fifo_read
                0x0000000000003f40       0x3a drivers/serial/libdrivers__serial.a(uart_ns16550.c.obj)
 .text.uart_ns16550_irq_tx_enable
                0x0000000000003f7a       0x2a drivers/serial/libdrivers__serial.a(uart_ns16550.c.obj)
 .text.uart_ns16550_irq_tx_disable
                0x0000000000003fa4       0x28 drivers/serial/libdrivers__serial.a(uart_ns16550.c.obj)
 .text.uart_ns16550_irq_tx_ready
                0x0000000000003fcc       0x1e drivers/serial/libdrivers__serial.a(uart_ns16550.c.obj)
 .text.uart_ns16550_irq_tx_complete
                0x0000000000003fea       0x2e drivers/serial/libdrivers__serial.a(uart_ns16550.c.obj)
 .text.uart_ns16550_irq_rx_enable
                0x0000000000004018       0x2a drivers/serial/libdrivers__serial.a(uart_ns16550.c.obj)
 .text.uart_ns16550_irq_rx_disable
                0x0000000000004042       0x28 drivers/serial/libdrivers__serial.a(uart_ns16550.c.obj)
 .text.uart_ns16550_irq_rx_ready
                0x000000000000406a       0x1e drivers/serial/libdrivers__serial.a(uart_ns16550.c.obj)
 .text.uart_ns16550_irq_err_enable
                0x0000000000004088       0x2a drivers/serial/libdrivers__serial.a(uart_ns16550.c.obj)
 .text.uart_ns16550_irq_err_disable
                0x00000000000040b2       0x28 drivers/serial/libdrivers__serial.a(uart_ns16550.c.obj)
 .text.uart_ns16550_irq_is_pending
                0x00000000000040da       0x1a drivers/serial/libdrivers__serial.a(uart_ns16550.c.obj)
 .text.uart_ns16550_irq_update
                0x00000000000040f4       0x26 drivers/serial/libdrivers__serial.a(uart_ns16550.c.obj)
 .text.uart_ns16550_irq_callback_set
                0x000000000000411a       0x16 drivers/serial/libdrivers__serial.a(uart_ns16550.c.obj)
 .text.uart_ns16550_isr
                0x0000000000004130        0xc drivers/serial/libdrivers__serial.a(uart_ns16550.c.obj)
 .text.uart_ns16550_irq_config_func0
                0x000000000000413c       0x16 drivers/serial/libdrivers__serial.a(uart_ns16550.c.obj)
 .text.uart_ns16550_configure
                0x0000000000004152      0x1f6 drivers/serial/libdrivers__serial.a(uart_ns16550.c.obj)
 .text.uart_ns16550_init
                0x0000000000004348       0x1a drivers/serial/libdrivers__serial.a(uart_ns16550.c.obj)
 .text.z_device_state_init
                0x0000000000004362        0x2 kernel/libkernel.a(device.c.obj)
                0x0000000000004362                z_device_state_init
 .text.z_impl_device_is_ready
                0x0000000000004364       0x16 kernel/libkernel.a(device.c.obj)
                0x0000000000004364                z_impl_device_is_ready
 .text.arch_system_halt
                0x000000000000437a        0xc kernel/libkernel.a(fatal.c.obj)
                0x000000000000437a                arch_system_halt
 .text.k_sys_fatal_error_handler
                0x0000000000004386        0x6 kernel/libkernel.a(fatal.c.obj)
                0x0000000000004386                k_sys_fatal_error_handler
 .text.do_device_init
                0x000000000000438c       0x2e kernel/libkernel.a(init.c.obj)
 .text.z_early_memset
                0x00000000000043ba        0x4 kernel/libkernel.a(init.c.obj)
                0x00000000000043ba                z_early_memset
 .text.z_init_static
                0x00000000000043be        0x2 kernel/libkernel.a(init_static.c.obj)
                0x00000000000043be                z_init_static
 .text.idle     0x00000000000043c0       0x12 kernel/libkernel.a(idle.c.obj)
                0x00000000000043c0                idle
 .text.sys_dlist_remove
                0x00000000000043d2       0x10 kernel/libkernel.a(sched.c.obj)
 .text.unpend_thread_no_timeout
                0x00000000000043e2       0x14 kernel/libkernel.a(sched.c.obj)
 .text.z_ready_thread
                0x00000000000043f6       0x16 kernel/libkernel.a(sched.c.obj)
                0x00000000000043f6                z_ready_thread
 .text.z_sched_wake_thread
                0x000000000000440c       0x32 kernel/libkernel.a(sched.c.obj)
                0x000000000000440c                z_sched_wake_thread
 .text.z_thread_timeout
                0x000000000000443e        0x8 kernel/libkernel.a(sched.c.obj)
                0x000000000000443e                z_thread_timeout
 .text.z_reschedule_unlocked
                0x0000000000004446        0xe kernel/libkernel.a(sched.c.obj)
 .text.z_impl_k_thread_abort
                0x0000000000004454        0x4 kernel/libkernel.a(sched.c.obj)
                0x0000000000004454                z_impl_k_thread_abort
 .text.next_timeout
                0x0000000000004458       0x32 kernel/libkernel.a(timeout.c.obj)
 .text.z_abort_timeout
                0x000000000000448a       0x3a kernel/libkernel.a(timeout.c.obj)
                0x000000000000448a                z_abort_timeout
 .text.memcpy   0x00000000000044c4       0x1c /home/aki/zephyr-sdk-0.17.0/arm-zephyr-eabi/bin/../lib/gcc/../../picolibc/arm-zephyr-eabi/lib/thumb/v7-r+fp.sp/hard/libc.a(memcpy.c.o)
                0x00000000000044c4                memcpy
                0x00000000000044c4                __aeabi_memcpy
                0x00000000000044c4                __aeabi_memcpy4
                0x00000000000044c4                __aeabi_memcpy8
 .text.memset   0x00000000000044e0       0x10 /home/aki/zephyr-sdk-0.17.0/arm-zephyr-eabi/bin/../lib/gcc/../../picolibc/arm-zephyr-eabi/lib/thumb/v7-r+fp.sp/hard/libc.a(memset.c.o)
                0x00000000000044e0                memset
 .text.rand     0x00000000000044f0        0x4 /home/aki/zephyr-sdk-0.17.0/arm-zephyr-eabi/bin/../lib/gcc/../../picolibc/arm-zephyr-eabi/lib/thumb/v7-r+fp.sp/hard/libc.a(libc_stdlib_rand.c.o)
                0x00000000000044f0                rand
 .text.strnlen  0x00000000000044f4       0x18 /home/aki/zephyr-sdk-0.17.0/arm-zephyr-eabi/bin/../lib/gcc/../../picolibc/arm-zephyr-eabi/lib/thumb/v7-r+fp.sp/hard/libc.a(libc_string_strnlen.c.o)
                0x00000000000044f4                strnlen
 .text.__ultoa_invert
                0x000000000000450c       0x4e /home/aki/zephyr-sdk-0.17.0/arm-zephyr-eabi/bin/../lib/gcc/../../picolibc/arm-zephyr-eabi/lib/thumb/v7-r+fp.sp/hard/libc.a(libc_tinystdio_vfprintf.c.o)
 .text.mulShiftAll64
                0x000000000000455a      0x17a /home/aki/zephyr-sdk-0.17.0/arm-zephyr-eabi/bin/../lib/gcc/../../picolibc/arm-zephyr-eabi/lib/thumb/v7-r+fp.sp/hard/libc.a(libc_tinystdio_dtoa_ryu.c.o)
 .text.__umul128
                0x00000000000046d4       0x36 /home/aki/zephyr-sdk-0.17.0/arm-zephyr-eabi/bin/../lib/gcc/../../picolibc/arm-zephyr-eabi/lib/thumb/v7-r+fp.sp/hard/libc.a(libc_tinystdio_ryu_umul128.c.o)
                0x00000000000046d4                __umul128
 .text.__shiftright128
                0x000000000000470a       0x3e /home/aki/zephyr-sdk-0.17.0/arm-zephyr-eabi/bin/../lib/gcc/../../picolibc/arm-zephyr-eabi/lib/thumb/v7-r+fp.sp/hard/libc.a(libc_tinystdio_ryu_umul128.c.o)
                0x000000000000470a                __shiftright128
 .text.__dtox_engine
                0x0000000000004748      0x12e /home/aki/zephyr-sdk-0.17.0/arm-zephyr-eabi/bin/../lib/gcc/../../picolibc/arm-zephyr-eabi/lib/thumb/v7-r+fp.sp/hard/libc.a(libc_tinystdio_dtox_engine.c.o)
                0x0000000000004748                __dtox_engine
 *fill*         0x0000000000004876        0x2 
 .text.__dtox_engine.__stub
                0x0000000000004878        0x8 linker stubs
 *(SORT_BY_ALIGNMENT(.gnu.linkonce.t.*))
 *(SORT_BY_ALIGNMENT(.glue_7t))
 .glue_7t       0x0000000000004880        0x0 linker stubs
 *(SORT_BY_ALIGNMENT(.glue_7))
 .glue_7        0x0000000000004880        0x0 linker stubs
 *(SORT_BY_ALIGNMENT(.vfp11_veneer))
 .vfp11_veneer  0x0000000000004880        0x0 linker stubs
 *(SORT_BY_ALIGNMENT(.v4_bx))
 .v4_bx         0x0000000000004880        0x0 linker stubs
                0x0000000000004880                __text_region_end = .
                0x0000000000004880                . = ALIGN (_region_min_align)
 *fill*         0x0000000000004880        0x0 

.ARM.exidx      0x0000000000004880        0x8
                0x0000000000004880                __exidx_start = .
 *(SORT_BY_ALIGNMENT(.ARM.exidx*) SORT_BY_ALIGNMENT(gnu.linkonce.armexidx.*))
 .ARM.exidx     0x0000000000004880        0x8 /home/aki/zephyr-sdk-0.17.0/arm-zephyr-eabi/bin/../lib/gcc/arm-zephyr-eabi/12.2.0/thumb/v7-r+fp.sp/hard/libgcc.a(_udivmoddi4.o)
                0x0000000000004888                __exidx_end = .

rodata_start    0x0000000000004888        0x0
                0x0000000000004888                . = ALIGN (_region_min_align)
                0x0000000000004888                __rodata_region_start = .

initlevel       0x0000000000004888       0x38
                0x0000000000004888                __init_start = .
                0x0000000000004888                __init_EARLY_start = .
 *(SORT_BY_NAME(SORT_BY_ALIGNMENT(.z_init_EARLY_P_?_*)))
 *(SORT_BY_NAME(SORT_BY_ALIGNMENT(.z_init_EARLY_P_??_*)))
 *(SORT_BY_NAME(SORT_BY_ALIGNMENT(.z_init_EARLY_P_???_*)))
                0x0000000000004888                __init_PRE_KERNEL_1_start = .
 *(SORT_BY_NAME(SORT_BY_ALIGNMENT(.z_init_PRE_KERNEL_1_P_?_*)))
 *(SORT_BY_NAME(SORT_BY_ALIGNMENT(.z_init_PRE_KERNEL_1_P_??_*)))
 .z_init_PRE_KERNEL_1_P_40_SUB_00014_
                0x0000000000004888        0x8 drivers/pinctrl/libdrivers__pinctrl.a(pinctrl_ti_k3.c.obj)
 .z_init_PRE_KERNEL_1_P_50_SUB_00017_
                0x0000000000004890        0x8 drivers/serial/libdrivers__serial.a(uart_ns16550.c.obj)
 .z_init_PRE_KERNEL_1_P_60_SUB_0_
                0x0000000000004898        0x8 drivers/console/libdrivers__console.a(uart_console.c.obj)
 *(SORT_BY_NAME(SORT_BY_ALIGNMENT(.z_init_PRE_KERNEL_1_P_???_*)))
                0x00000000000048a0                __init_PRE_KERNEL_2_start = .
 *(SORT_BY_NAME(SORT_BY_ALIGNMENT(.z_init_PRE_KERNEL_2_P_?_*)))
 .z_init_PRE_KERNEL_2_P_0_SUB_00012_
                0x00000000000048a0        0x8 drivers/timer/libdrivers__timer.a(ti_dmtimer.c.obj)
 .z_init_PRE_KERNEL_2_P_0_SUB_0_
                0x00000000000048a8        0x8 drivers/timer/libdrivers__timer.a(ti_dmtimer.c.obj)
 *(SORT_BY_NAME(SORT_BY_ALIGNMENT(.z_init_PRE_KERNEL_2_P_??_*)))
 .z_init_PRE_KERNEL_2_P_40_SUB_00028_
                0x00000000000048b0        0x8 drivers/gpio/libdrivers__gpio.a(gpio_davinci.c.obj)
 *(SORT_BY_NAME(SORT_BY_ALIGNMENT(.z_init_PRE_KERNEL_2_P_???_*)))
                0x00000000000048b8                __init_POST_KERNEL_start = .
 *(SORT_BY_NAME(SORT_BY_ALIGNMENT(.z_init_POST_KERNEL_P_?_*)))
 *(SORT_BY_NAME(SORT_BY_ALIGNMENT(.z_init_POST_KERNEL_P_??_*)))
 .z_init_POST_KERNEL_P_35_SUB_0_
                0x00000000000048b8        0x8 lib/libc/common/liblib__libc__common.a(malloc.c.obj)
 *(SORT_BY_NAME(SORT_BY_ALIGNMENT(.z_init_POST_KERNEL_P_???_*)))
                0x00000000000048c0                __init_APPLICATION_start = .
 *(SORT_BY_NAME(SORT_BY_ALIGNMENT(.z_init_APPLICATION_P_?_*)))
 *(SORT_BY_NAME(SORT_BY_ALIGNMENT(.z_init_APPLICATION_P_??_*)))
 *(SORT_BY_NAME(SORT_BY_ALIGNMENT(.z_init_APPLICATION_P_???_*)))
                0x00000000000048c0                __init_SMP_start = .
 *(SORT_BY_NAME(SORT_BY_ALIGNMENT(.z_init_SMP_P_?_*)))
 *(SORT_BY_NAME(SORT_BY_ALIGNMENT(.z_init_SMP_P_??_*)))
 *(SORT_BY_NAME(SORT_BY_ALIGNMENT(.z_init_SMP_P_???_*)))
                0x00000000000048c0                __init_end = .

device_area     0x00000000000048c0       0x80
                0x00000000000048c0                _device_list_start = .
 *(SORT_BY_NAME(SORT_BY_ALIGNMENT(._device.static.*_?_*)))
 ._device.static.2_0_
                0x00000000000048c0       0x20 drivers/timer/libdrivers__timer.a(ti_dmtimer.c.obj)
                0x00000000000048c0                __device_dts_ord_12
 *(SORT_BY_NAME(SORT_BY_ALIGNMENT(._device.static.*_??_*)))
 ._device.static.1_40_
                0x00000000000048e0       0x20 drivers/pinctrl/libdrivers__pinctrl.a(pinctrl_ti_k3.c.obj)
                0x00000000000048e0                __device_dts_ord_14
 ._device.static.1_50_
                0x0000000000004900       0x20 drivers/serial/libdrivers__serial.a(uart_ns16550.c.obj)
                0x0000000000004900                __device_dts_ord_17
 ._device.static.2_40_
                0x0000000000004920       0x20 drivers/gpio/libdrivers__gpio.a(gpio_davinci.c.obj)
                0x0000000000004920                __device_dts_ord_28
 *(SORT_BY_NAME(SORT_BY_ALIGNMENT(._device.static.*_???_*)))
 *(SORT_BY_NAME(SORT_BY_ALIGNMENT(._device.static.*_????_*)))
 *(SORT_BY_NAME(SORT_BY_ALIGNMENT(._device.static.*_?????_*)))
                0x0000000000004940                _device_list_end = .

sw_isr_table    0x0000000000004940     0x1000
                0x0000000000004940                . = ALIGN (0x4)
 *(SORT_BY_ALIGNMENT(.gnu.linkonce.sw_isr_table*))
 .gnu.linkonce.sw_isr_table
                0x0000000000004940     0x1000 arch/common/libisr_tables.a(isr_tables.c.obj)
                0x0000000000004940                _sw_isr_table

initlevel_error
                0x0000000000000000        0x0
 *(SORT_BY_NAME(SORT_BY_ALIGNMENT(.z_init_*)))
                0x0000000000000001                ASSERT ((SIZEOF (initlevel_error) == 0x0), Undefined initialization levels used.)

app_shmem_regions
                0x0000000000005940        0x0
                0x0000000000005940                __app_shmem_regions_start = .
 *(SORT_BY_NAME(SORT_BY_ALIGNMENT(.app_regions.*)))
                0x0000000000005940                __app_shmem_regions_end = .

k_p4wq_initparam_area
                0x0000000000005940        0x0
                0x0000000000005940                _k_p4wq_initparam_list_start = .
 *(SORT_BY_NAME(SORT_BY_ALIGNMENT(._k_p4wq_initparam.static.*)))
                0x0000000000005940                _k_p4wq_initparam_list_end = .

_static_thread_data_area
                0x0000000000005940        0x0
                0x0000000000005940                __static_thread_data_list_start = .
 *(SORT_BY_NAME(SORT_BY_ALIGNMENT(.__static_thread_data.static.*)))
                0x0000000000005940                __static_thread_data_list_end = .

device_deps     0x0000000000005940        0x0
                0x0000000000005940                __device_deps_start = .
 *(SORT_BY_NAME(SORT_BY_ALIGNMENT(.__device_deps_pass2*)))
                0x0000000000005940                __device_deps_end = .

gpio_driver_api_area
                0x0000000000005940       0x24
                0x0000000000005940                _gpio_driver_api_list_start = .
 *(SORT_BY_NAME(SORT_BY_ALIGNMENT(._gpio_driver_api.static.*)))
 ._gpio_driver_api.static.gpio_davinci_driver_api_
                0x0000000000005940       0x24 drivers/gpio/libdrivers__gpio.a(gpio_davinci.c.obj)
                0x0000000000005964                _gpio_driver_api_list_end = .

shared_irq_driver_api_area
                0x0000000000005964        0x0
                0x0000000000005964                _shared_irq_driver_api_list_start = .
 *(SORT_BY_NAME(SORT_BY_ALIGNMENT(._shared_irq_driver_api.static.*)))
                0x0000000000005964                _shared_irq_driver_api_list_end = .

crypto_driver_api_area
                0x0000000000005964        0x0
                0x0000000000005964                _crypto_driver_api_list_start = .
 *(SORT_BY_NAME(SORT_BY_ALIGNMENT(._crypto_driver_api.static.*)))
                0x0000000000005964                _crypto_driver_api_list_end = .

adc_driver_api_area
                0x0000000000005964        0x0
                0x0000000000005964                _adc_driver_api_list_start = .
 *(SORT_BY_NAME(SORT_BY_ALIGNMENT(._adc_driver_api.static.*)))
                0x0000000000005964                _adc_driver_api_list_end = .

auxdisplay_driver_api_area
                0x0000000000005964        0x0
                0x0000000000005964                _auxdisplay_driver_api_list_start = .
 *(SORT_BY_NAME(SORT_BY_ALIGNMENT(._auxdisplay_driver_api.static.*)))
                0x0000000000005964                _auxdisplay_driver_api_list_end = .

bbram_driver_api_area
                0x0000000000005964        0x0
                0x0000000000005964                _bbram_driver_api_list_start = .
 *(SORT_BY_NAME(SORT_BY_ALIGNMENT(._bbram_driver_api.static.*)))
                0x0000000000005964                _bbram_driver_api_list_end = .

bt_hci_driver_api_area
                0x0000000000005964        0x0
                0x0000000000005964                _bt_hci_driver_api_list_start = .
 *(SORT_BY_NAME(SORT_BY_ALIGNMENT(._bt_hci_driver_api.static.*)))
                0x0000000000005964                _bt_hci_driver_api_list_end = .

can_driver_api_area
                0x0000000000005964        0x0
                0x0000000000005964                _can_driver_api_list_start = .
 *(SORT_BY_NAME(SORT_BY_ALIGNMENT(._can_driver_api.static.*)))
                0x0000000000005964                _can_driver_api_list_end = .

cellular_driver_api_area
                0x0000000000005964        0x0
                0x0000000000005964                _cellular_driver_api_list_start = .
 *(SORT_BY_NAME(SORT_BY_ALIGNMENT(._cellular_driver_api.static.*)))
                0x0000000000005964                _cellular_driver_api_list_end = .

charger_driver_api_area
                0x0000000000005964        0x0
                0x0000000000005964                _charger_driver_api_list_start = .
 *(SORT_BY_NAME(SORT_BY_ALIGNMENT(._charger_driver_api.static.*)))
                0x0000000000005964                _charger_driver_api_list_end = .

clock_control_driver_api_area
                0x0000000000005964        0x0
                0x0000000000005964                _clock_control_driver_api_list_start = .
 *(SORT_BY_NAME(SORT_BY_ALIGNMENT(._clock_control_driver_api.static.*)))
                0x0000000000005964                _clock_control_driver_api_list_end = .

comparator_driver_api_area
                0x0000000000005964        0x0
                0x0000000000005964                _comparator_driver_api_list_start = .
 *(SORT_BY_NAME(SORT_BY_ALIGNMENT(._comparator_driver_api.static.*)))
                0x0000000000005964                _comparator_driver_api_list_end = .

coredump_driver_api_area
                0x0000000000005964        0x0
                0x0000000000005964                _coredump_driver_api_list_start = .
 *(SORT_BY_NAME(SORT_BY_ALIGNMENT(._coredump_driver_api.static.*)))
                0x0000000000005964                _coredump_driver_api_list_end = .

counter_driver_api_area
                0x0000000000005964        0x0
                0x0000000000005964                _counter_driver_api_list_start = .
 *(SORT_BY_NAME(SORT_BY_ALIGNMENT(._counter_driver_api.static.*)))
                0x0000000000005964                _counter_driver_api_list_end = .

dac_driver_api_area
                0x0000000000005964        0x0
                0x0000000000005964                _dac_driver_api_list_start = .
 *(SORT_BY_NAME(SORT_BY_ALIGNMENT(._dac_driver_api.static.*)))
                0x0000000000005964                _dac_driver_api_list_end = .

dai_driver_api_area
                0x0000000000005964        0x0
                0x0000000000005964                _dai_driver_api_list_start = .
 *(SORT_BY_NAME(SORT_BY_ALIGNMENT(._dai_driver_api.static.*)))
                0x0000000000005964                _dai_driver_api_list_end = .

display_driver_api_area
                0x0000000000005964        0x0
                0x0000000000005964                _display_driver_api_list_start = .
 *(SORT_BY_NAME(SORT_BY_ALIGNMENT(._display_driver_api.static.*)))
                0x0000000000005964                _display_driver_api_list_end = .

dma_driver_api_area
                0x0000000000005964        0x0
                0x0000000000005964                _dma_driver_api_list_start = .
 *(SORT_BY_NAME(SORT_BY_ALIGNMENT(._dma_driver_api.static.*)))
                0x0000000000005964                _dma_driver_api_list_end = .

edac_driver_api_area
                0x0000000000005964        0x0
                0x0000000000005964                _edac_driver_api_list_start = .
 *(SORT_BY_NAME(SORT_BY_ALIGNMENT(._edac_driver_api.static.*)))
                0x0000000000005964                _edac_driver_api_list_end = .

eeprom_driver_api_area
                0x0000000000005964        0x0
                0x0000000000005964                _eeprom_driver_api_list_start = .
 *(SORT_BY_NAME(SORT_BY_ALIGNMENT(._eeprom_driver_api.static.*)))
                0x0000000000005964                _eeprom_driver_api_list_end = .

emul_bbram_driver_api_area
                0x0000000000005964        0x0
                0x0000000000005964                _emul_bbram_driver_api_list_start = .
 *(SORT_BY_NAME(SORT_BY_ALIGNMENT(._emul_bbram_driver_api.static.*)))
                0x0000000000005964                _emul_bbram_driver_api_list_end = .

fuel_gauge_emul_driver_api_area
                0x0000000000005964        0x0
                0x0000000000005964                _fuel_gauge_emul_driver_api_list_start = .
 *(SORT_BY_NAME(SORT_BY_ALIGNMENT(._fuel_gauge_emul_driver_api.static.*)))
                0x0000000000005964                _fuel_gauge_emul_driver_api_list_end = .

emul_sensor_driver_api_area
                0x0000000000005964        0x0
                0x0000000000005964                _emul_sensor_driver_api_list_start = .
 *(SORT_BY_NAME(SORT_BY_ALIGNMENT(._emul_sensor_driver_api.static.*)))
                0x0000000000005964                _emul_sensor_driver_api_list_end = .

entropy_driver_api_area
                0x0000000000005964        0x0
                0x0000000000005964                _entropy_driver_api_list_start = .
 *(SORT_BY_NAME(SORT_BY_ALIGNMENT(._entropy_driver_api.static.*)))
                0x0000000000005964                _entropy_driver_api_list_end = .

espi_driver_api_area
                0x0000000000005964        0x0
                0x0000000000005964                _espi_driver_api_list_start = .
 *(SORT_BY_NAME(SORT_BY_ALIGNMENT(._espi_driver_api.static.*)))
                0x0000000000005964                _espi_driver_api_list_end = .

espi_saf_driver_api_area
                0x0000000000005964        0x0
                0x0000000000005964                _espi_saf_driver_api_list_start = .
 *(SORT_BY_NAME(SORT_BY_ALIGNMENT(._espi_saf_driver_api.static.*)))
                0x0000000000005964                _espi_saf_driver_api_list_end = .

flash_driver_api_area
                0x0000000000005964        0x0
                0x0000000000005964                _flash_driver_api_list_start = .
 *(SORT_BY_NAME(SORT_BY_ALIGNMENT(._flash_driver_api.static.*)))
                0x0000000000005964                _flash_driver_api_list_end = .

fpga_driver_api_area
                0x0000000000005964        0x0
                0x0000000000005964                _fpga_driver_api_list_start = .
 *(SORT_BY_NAME(SORT_BY_ALIGNMENT(._fpga_driver_api.static.*)))
                0x0000000000005964                _fpga_driver_api_list_end = .

fuel_gauge_driver_api_area
                0x0000000000005964        0x0
                0x0000000000005964                _fuel_gauge_driver_api_list_start = .
 *(SORT_BY_NAME(SORT_BY_ALIGNMENT(._fuel_gauge_driver_api.static.*)))
                0x0000000000005964                _fuel_gauge_driver_api_list_end = .

gnss_driver_api_area
                0x0000000000005964        0x0
                0x0000000000005964                _gnss_driver_api_list_start = .
 *(SORT_BY_NAME(SORT_BY_ALIGNMENT(._gnss_driver_api.static.*)))
                0x0000000000005964                _gnss_driver_api_list_end = .

haptics_driver_api_area
                0x0000000000005964        0x0
                0x0000000000005964                _haptics_driver_api_list_start = .
 *(SORT_BY_NAME(SORT_BY_ALIGNMENT(._haptics_driver_api.static.*)))
                0x0000000000005964                _haptics_driver_api_list_end = .

hwspinlock_driver_api_area
                0x0000000000005964        0x0
                0x0000000000005964                _hwspinlock_driver_api_list_start = .
 *(SORT_BY_NAME(SORT_BY_ALIGNMENT(._hwspinlock_driver_api.static.*)))
                0x0000000000005964                _hwspinlock_driver_api_list_end = .

i2c_driver_api_area
                0x0000000000005964        0x0
                0x0000000000005964                _i2c_driver_api_list_start = .
 *(SORT_BY_NAME(SORT_BY_ALIGNMENT(._i2c_driver_api.static.*)))
                0x0000000000005964                _i2c_driver_api_list_end = .

i2c_target_driver_api_area
                0x0000000000005964        0x0
                0x0000000000005964                _i2c_target_driver_api_list_start = .
 *(SORT_BY_NAME(SORT_BY_ALIGNMENT(._i2c_target_driver_api.static.*)))
                0x0000000000005964                _i2c_target_driver_api_list_end = .

i2s_driver_api_area
                0x0000000000005964        0x0
                0x0000000000005964                _i2s_driver_api_list_start = .
 *(SORT_BY_NAME(SORT_BY_ALIGNMENT(._i2s_driver_api.static.*)))
                0x0000000000005964                _i2s_driver_api_list_end = .

i3c_driver_api_area
                0x0000000000005964        0x0
                0x0000000000005964                _i3c_driver_api_list_start = .
 *(SORT_BY_NAME(SORT_BY_ALIGNMENT(._i3c_driver_api.static.*)))
                0x0000000000005964                _i3c_driver_api_list_end = .

ipm_driver_api_area
                0x0000000000005964        0x0
                0x0000000000005964                _ipm_driver_api_list_start = .
 *(SORT_BY_NAME(SORT_BY_ALIGNMENT(._ipm_driver_api.static.*)))
                0x0000000000005964                _ipm_driver_api_list_end = .

led_driver_api_area
                0x0000000000005964        0x0
                0x0000000000005964                _led_driver_api_list_start = .
 *(SORT_BY_NAME(SORT_BY_ALIGNMENT(._led_driver_api.static.*)))
                0x0000000000005964                _led_driver_api_list_end = .

led_strip_driver_api_area
                0x0000000000005964        0x0
                0x0000000000005964                _led_strip_driver_api_list_start = .
 *(SORT_BY_NAME(SORT_BY_ALIGNMENT(._led_strip_driver_api.static.*)))
                0x0000000000005964                _led_strip_driver_api_list_end = .

lora_driver_api_area
                0x0000000000005964        0x0
                0x0000000000005964                _lora_driver_api_list_start = .
 *(SORT_BY_NAME(SORT_BY_ALIGNMENT(._lora_driver_api.static.*)))
                0x0000000000005964                _lora_driver_api_list_end = .

mbox_driver_api_area
                0x0000000000005964        0x0
                0x0000000000005964                _mbox_driver_api_list_start = .
 *(SORT_BY_NAME(SORT_BY_ALIGNMENT(._mbox_driver_api.static.*)))
                0x0000000000005964                _mbox_driver_api_list_end = .

mdio_driver_api_area
                0x0000000000005964        0x0
                0x0000000000005964                _mdio_driver_api_list_start = .
 *(SORT_BY_NAME(SORT_BY_ALIGNMENT(._mdio_driver_api.static.*)))
                0x0000000000005964                _mdio_driver_api_list_end = .

mipi_dbi_driver_api_area
                0x0000000000005964        0x0
                0x0000000000005964                _mipi_dbi_driver_api_list_start = .
 *(SORT_BY_NAME(SORT_BY_ALIGNMENT(._mipi_dbi_driver_api.static.*)))
                0x0000000000005964                _mipi_dbi_driver_api_list_end = .

mipi_dsi_driver_api_area
                0x0000000000005964        0x0
                0x0000000000005964                _mipi_dsi_driver_api_list_start = .
 *(SORT_BY_NAME(SORT_BY_ALIGNMENT(._mipi_dsi_driver_api.static.*)))
                0x0000000000005964                _mipi_dsi_driver_api_list_end = .

mspi_driver_api_area
                0x0000000000005964        0x0
                0x0000000000005964                _mspi_driver_api_list_start = .
 *(SORT_BY_NAME(SORT_BY_ALIGNMENT(._mspi_driver_api.static.*)))
                0x0000000000005964                _mspi_driver_api_list_end = .

peci_driver_api_area
                0x0000000000005964        0x0
                0x0000000000005964                _peci_driver_api_list_start = .
 *(SORT_BY_NAME(SORT_BY_ALIGNMENT(._peci_driver_api.static.*)))
                0x0000000000005964                _peci_driver_api_list_end = .

ps2_driver_api_area
                0x0000000000005964        0x0
                0x0000000000005964                _ps2_driver_api_list_start = .
 *(SORT_BY_NAME(SORT_BY_ALIGNMENT(._ps2_driver_api.static.*)))
                0x0000000000005964                _ps2_driver_api_list_end = .

ptp_clock_driver_api_area
                0x0000000000005964        0x0
                0x0000000000005964                _ptp_clock_driver_api_list_start = .
 *(SORT_BY_NAME(SORT_BY_ALIGNMENT(._ptp_clock_driver_api.static.*)))
                0x0000000000005964                _ptp_clock_driver_api_list_end = .

pwm_driver_api_area
                0x0000000000005964        0x0
                0x0000000000005964                _pwm_driver_api_list_start = .
 *(SORT_BY_NAME(SORT_BY_ALIGNMENT(._pwm_driver_api.static.*)))
                0x0000000000005964                _pwm_driver_api_list_end = .

regulator_parent_driver_api_area
                0x0000000000005964        0x0
                0x0000000000005964                _regulator_parent_driver_api_list_start = .
 *(SORT_BY_NAME(SORT_BY_ALIGNMENT(._regulator_parent_driver_api.static.*)))
                0x0000000000005964                _regulator_parent_driver_api_list_end = .

regulator_driver_api_area
                0x0000000000005964        0x0
                0x0000000000005964                _regulator_driver_api_list_start = .
 *(SORT_BY_NAME(SORT_BY_ALIGNMENT(._regulator_driver_api.static.*)))
                0x0000000000005964                _regulator_driver_api_list_end = .

reset_driver_api_area
                0x0000000000005964        0x0
                0x0000000000005964                _reset_driver_api_list_start = .
 *(SORT_BY_NAME(SORT_BY_ALIGNMENT(._reset_driver_api.static.*)))
                0x0000000000005964                _reset_driver_api_list_end = .

retained_mem_driver_api_area
                0x0000000000005964        0x0
                0x0000000000005964                _retained_mem_driver_api_list_start = .
 *(SORT_BY_NAME(SORT_BY_ALIGNMENT(._retained_mem_driver_api.static.*)))
                0x0000000000005964                _retained_mem_driver_api_list_end = .

rtc_driver_api_area
                0x0000000000005964        0x0
                0x0000000000005964                _rtc_driver_api_list_start = .
 *(SORT_BY_NAME(SORT_BY_ALIGNMENT(._rtc_driver_api.static.*)))
                0x0000000000005964                _rtc_driver_api_list_end = .

sdhc_driver_api_area
                0x0000000000005964        0x0
                0x0000000000005964                _sdhc_driver_api_list_start = .
 *(SORT_BY_NAME(SORT_BY_ALIGNMENT(._sdhc_driver_api.static.*)))
                0x0000000000005964                _sdhc_driver_api_list_end = .

sensor_driver_api_area
                0x0000000000005964        0x0
                0x0000000000005964                _sensor_driver_api_list_start = .
 *(SORT_BY_NAME(SORT_BY_ALIGNMENT(._sensor_driver_api.static.*)))
                0x0000000000005964                _sensor_driver_api_list_end = .

smbus_driver_api_area
                0x0000000000005964        0x0
                0x0000000000005964                _smbus_driver_api_list_start = .
 *(SORT_BY_NAME(SORT_BY_ALIGNMENT(._smbus_driver_api.static.*)))
                0x0000000000005964                _smbus_driver_api_list_end = .

spi_driver_api_area
                0x0000000000005964        0x0
                0x0000000000005964                _spi_driver_api_list_start = .
 *(SORT_BY_NAME(SORT_BY_ALIGNMENT(._spi_driver_api.static.*)))
                0x0000000000005964                _spi_driver_api_list_end = .

stepper_driver_api_area
                0x0000000000005964        0x0
                0x0000000000005964                _stepper_driver_api_list_start = .
 *(SORT_BY_NAME(SORT_BY_ALIGNMENT(._stepper_driver_api.static.*)))
                0x0000000000005964                _stepper_driver_api_list_end = .

syscon_driver_api_area
                0x0000000000005964        0x0
                0x0000000000005964                _syscon_driver_api_list_start = .
 *(SORT_BY_NAME(SORT_BY_ALIGNMENT(._syscon_driver_api.static.*)))
                0x0000000000005964                _syscon_driver_api_list_end = .

tee_driver_api_area
                0x0000000000005964        0x0
                0x0000000000005964                _tee_driver_api_list_start = .
 *(SORT_BY_NAME(SORT_BY_ALIGNMENT(._tee_driver_api.static.*)))
                0x0000000000005964                _tee_driver_api_list_end = .

video_driver_api_area
                0x0000000000005964        0x0
                0x0000000000005964                _video_driver_api_list_start = .
 *(SORT_BY_NAME(SORT_BY_ALIGNMENT(._video_driver_api.static.*)))
                0x0000000000005964                _video_driver_api_list_end = .

w1_driver_api_area
                0x0000000000005964        0x0
                0x0000000000005964                _w1_driver_api_list_start = .
 *(SORT_BY_NAME(SORT_BY_ALIGNMENT(._w1_driver_api.static.*)))
                0x0000000000005964                _w1_driver_api_list_end = .

wdt_driver_api_area
                0x0000000000005964        0x0
                0x0000000000005964                _wdt_driver_api_list_start = .
 *(SORT_BY_NAME(SORT_BY_ALIGNMENT(._wdt_driver_api.static.*)))
                0x0000000000005964                _wdt_driver_api_list_end = .

can_transceiver_driver_api_area
                0x0000000000005964        0x0
                0x0000000000005964                _can_transceiver_driver_api_list_start = .
 *(SORT_BY_NAME(SORT_BY_ALIGNMENT(._can_transceiver_driver_api.static.*)))
                0x0000000000005964                _can_transceiver_driver_api_list_end = .

nrf_clock_control_driver_api_area
                0x0000000000005964        0x0
                0x0000000000005964                _nrf_clock_control_driver_api_list_start = .
 *(SORT_BY_NAME(SORT_BY_ALIGNMENT(._nrf_clock_control_driver_api.static.*)))
                0x0000000000005964                _nrf_clock_control_driver_api_list_end = .

i3c_target_driver_api_area
                0x0000000000005964        0x0
                0x0000000000005964                _i3c_target_driver_api_list_start = .
 *(SORT_BY_NAME(SORT_BY_ALIGNMENT(._i3c_target_driver_api.static.*)))
                0x0000000000005964                _i3c_target_driver_api_list_end = .

its_driver_api_area
                0x0000000000005964        0x0
                0x0000000000005964                _its_driver_api_list_start = .
 *(SORT_BY_NAME(SORT_BY_ALIGNMENT(._its_driver_api.static.*)))
                0x0000000000005964                _its_driver_api_list_end = .

vtd_driver_api_area
                0x0000000000005964        0x0
                0x0000000000005964                _vtd_driver_api_list_start = .
 *(SORT_BY_NAME(SORT_BY_ALIGNMENT(._vtd_driver_api.static.*)))
                0x0000000000005964                _vtd_driver_api_list_end = .

tgpio_driver_api_area
                0x0000000000005964        0x0
                0x0000000000005964                _tgpio_driver_api_list_start = .
 *(SORT_BY_NAME(SORT_BY_ALIGNMENT(._tgpio_driver_api.static.*)))
                0x0000000000005964                _tgpio_driver_api_list_end = .

pcie_ctrl_driver_api_area
                0x0000000000005964        0x0
                0x0000000000005964                _pcie_ctrl_driver_api_list_start = .
 *(SORT_BY_NAME(SORT_BY_ALIGNMENT(._pcie_ctrl_driver_api.static.*)))
                0x0000000000005964                _pcie_ctrl_driver_api_list_end = .

pcie_ep_driver_api_area
                0x0000000000005964        0x0
                0x0000000000005964                _pcie_ep_driver_api_list_start = .
 *(SORT_BY_NAME(SORT_BY_ALIGNMENT(._pcie_ep_driver_api.static.*)))
                0x0000000000005964                _pcie_ep_driver_api_list_end = .

svc_driver_api_area
                0x0000000000005964        0x0
                0x0000000000005964                _svc_driver_api_list_start = .
 *(SORT_BY_NAME(SORT_BY_ALIGNMENT(._svc_driver_api.static.*)))
                0x0000000000005964                _svc_driver_api_list_end = .

uart_driver_api_area
                0x0000000000005964       0x4c
                0x0000000000005964                _uart_driver_api_list_start = .
 *(SORT_BY_NAME(SORT_BY_ALIGNMENT(._uart_driver_api.static.*)))
 ._uart_driver_api.static.uart_ns16550_driver_api_
                0x0000000000005964       0x4c drivers/serial/libdrivers__serial.a(uart_ns16550.c.obj)
                0x00000000000059b0                _uart_driver_api_list_end = .

bc12_emul_driver_api_area
                0x00000000000059b0        0x0
                0x00000000000059b0                _bc12_emul_driver_api_list_start = .
 *(SORT_BY_NAME(SORT_BY_ALIGNMENT(._bc12_emul_driver_api.static.*)))
                0x00000000000059b0                _bc12_emul_driver_api_list_end = .

bc12_driver_api_area
                0x00000000000059b0        0x0
                0x00000000000059b0                _bc12_driver_api_list_start = .
 *(SORT_BY_NAME(SORT_BY_ALIGNMENT(._bc12_driver_api.static.*)))
                0x00000000000059b0                _bc12_driver_api_list_end = .

usbc_ppc_driver_api_area
                0x00000000000059b0        0x0
                0x00000000000059b0                _usbc_ppc_driver_api_list_start = .
 *(SORT_BY_NAME(SORT_BY_ALIGNMENT(._usbc_ppc_driver_api.static.*)))
                0x00000000000059b0                _usbc_ppc_driver_api_list_end = .

tcpc_driver_api_area
                0x00000000000059b0        0x0
                0x00000000000059b0                _tcpc_driver_api_list_start = .
 *(SORT_BY_NAME(SORT_BY_ALIGNMENT(._tcpc_driver_api.static.*)))
                0x00000000000059b0                _tcpc_driver_api_list_end = .

usbc_vbus_driver_api_area
                0x00000000000059b0        0x0
                0x00000000000059b0                _usbc_vbus_driver_api_list_start = .
 *(SORT_BY_NAME(SORT_BY_ALIGNMENT(._usbc_vbus_driver_api.static.*)))
                0x00000000000059b0                _usbc_vbus_driver_api_list_end = .

ivshmem_driver_api_area
                0x00000000000059b0        0x0
                0x00000000000059b0                _ivshmem_driver_api_list_start = .
 *(SORT_BY_NAME(SORT_BY_ALIGNMENT(._ivshmem_driver_api.static.*)))
                0x00000000000059b0                _ivshmem_driver_api_list_end = .

ethphy_driver_api_area
                0x00000000000059b0        0x0
                0x00000000000059b0                _ethphy_driver_api_list_start = .
 *(SORT_BY_NAME(SORT_BY_ALIGNMENT(._ethphy_driver_api.static.*)))
                0x00000000000059b0                _ethphy_driver_api_list_end = .

ztest           0x00000000000059b0        0x0
                0x00000000000059b0                _ztest_expected_result_entry_list_start = .
 *(SORT_BY_NAME(SORT_BY_ALIGNMENT(._ztest_expected_result_entry.static.*)))
                0x00000000000059b0                _ztest_expected_result_entry_list_end = .
                0x00000000000059b0                _ztest_suite_node_list_start = .
 *(SORT_BY_NAME(SORT_BY_ALIGNMENT(._ztest_suite_node.static.*)))
                0x00000000000059b0                _ztest_suite_node_list_end = .
                0x00000000000059b0                _ztest_unit_test_list_start = .
 *(SORT_BY_NAME(SORT_BY_ALIGNMENT(._ztest_unit_test.static.*)))
                0x00000000000059b0                _ztest_unit_test_list_end = .
                0x00000000000059b0                _ztest_test_rule_list_start = .
 *(SORT_BY_NAME(SORT_BY_ALIGNMENT(._ztest_test_rule.static.*)))
                0x00000000000059b0                _ztest_test_rule_list_end = .

init_array      0x00000000000059b0        0x0
 *(SORT_BY_NAME(SORT_BY_ALIGNMENT(.ctors*)))
 *(SORT_BY_NAME(SORT_BY_ALIGNMENT(.init_array*)))
                0x0000000000000001                ASSERT ((SIZEOF (init_array) == 0x0), GNU-style constructors required but STATIC_INIT_GNU not enabled)

bt_l2cap_fixed_chan_area
                0x00000000000059b0        0x0
                0x00000000000059b0                _bt_l2cap_fixed_chan_list_start = .
 *(SORT_BY_NAME(SORT_BY_ALIGNMENT(._bt_l2cap_fixed_chan.static.*)))
                0x00000000000059b0                _bt_l2cap_fixed_chan_list_end = .

bt_gatt_service_static_area
                0x00000000000059b0        0x0
                0x00000000000059b0                _bt_gatt_service_static_list_start = .
 *(SORT_BY_NAME(SORT_BY_ALIGNMENT(._bt_gatt_service_static.static.*)))
                0x00000000000059b0                _bt_gatt_service_static_list_end = .

log_strings_area
                0x00000000000059b0        0x0
                0x00000000000059b0                _log_strings_list_start = .
 *(SORT_BY_NAME(SORT_BY_ALIGNMENT(._log_strings.static.*)))
                0x00000000000059b0                _log_strings_list_end = .

log_stmesp_ptr_area
                0x00000000000059b0        0x0
                0x00000000000059b0                _log_stmesp_ptr_list_start = .
 *(SORT_BY_NAME(SORT_BY_ALIGNMENT(._log_stmesp_ptr.static.*)))
                0x00000000000059b0                _log_stmesp_ptr_list_end = .

log_stmesp_str_area
                0x00000000000059b0        0x0
                0x00000000000059b0                _log_stmesp_str_list_start = .
 *(SORT_BY_NAME(SORT_BY_ALIGNMENT(._log_stmesp_str.static.*)))
                0x00000000000059b0                _log_stmesp_str_list_end = .

log_const_area  0x00000000000059b0        0x0
                0x00000000000059b0                _log_const_list_start = .
 *(SORT_BY_NAME(SORT_BY_ALIGNMENT(._log_const.static.*)))
                0x00000000000059b0                _log_const_list_end = .

log_backend_area
                0x00000000000059b0        0x0
                0x00000000000059b0                _log_backend_list_start = .
 *(SORT_BY_NAME(SORT_BY_ALIGNMENT(._log_backend.static.*)))
                0x00000000000059b0                _log_backend_list_end = .

log_link_area   0x00000000000059b0        0x0
                0x00000000000059b0                _log_link_list_start = .
 *(SORT_BY_NAME(SORT_BY_ALIGNMENT(._log_link.static.*)))
                0x00000000000059b0                _log_link_list_end = .

tracing_backend_area
                0x00000000000059b0        0x0
                0x00000000000059b0                _tracing_backend_list_start = .
 *(SORT_BY_NAME(SORT_BY_ALIGNMENT(._tracing_backend.static.*)))
                0x00000000000059b0                _tracing_backend_list_end = .

zephyr_dbg_info
 *(SORT_BY_ALIGNMENT(.dbg_thread_info))

intc_table_area
                0x00000000000059b0        0x0
                0x00000000000059b0                _intc_table_list_start = .
 *(SORT_BY_NAME(SORT_BY_ALIGNMENT(._intc_table.static.*)))
                0x00000000000059b0                _intc_table_list_end = .

symbol_to_keep  0x00000000000059b0        0x0
                0x00000000000059b0                __symbol_to_keep_start = .
 *(SORT_BY_NAME(SORT_BY_ALIGNMENT(.symbol_to_keep*)))
                0x00000000000059b0                __symbol_to_keep_end = .

shell_area      0x00000000000059b0        0x0
                0x00000000000059b0                _shell_list_start = .
 *(SORT_BY_NAME(SORT_BY_ALIGNMENT(._shell.static.*)))
                0x00000000000059b0                _shell_list_end = .

shell_root_cmds_area
                0x00000000000059b0        0x0
                0x00000000000059b0                _shell_root_cmds_list_start = .
 *(SORT_BY_NAME(SORT_BY_ALIGNMENT(._shell_root_cmds.static.*)))
                0x00000000000059b0                _shell_root_cmds_list_end = .

shell_subcmds_area
                0x00000000000059b0        0x0
                0x00000000000059b0                _shell_subcmds_list_start = .
 *(SORT_BY_NAME(SORT_BY_ALIGNMENT(._shell_subcmds.static.*)))
                0x00000000000059b0                _shell_subcmds_list_end = .

shell_dynamic_subcmds_area
                0x00000000000059b0        0x0
                0x00000000000059b0                _shell_dynamic_subcmds_list_start = .
 *(SORT_BY_NAME(SORT_BY_ALIGNMENT(._shell_dynamic_subcmds.static.*)))
                0x00000000000059b0                _shell_dynamic_subcmds_list_end = .

cfb_font_area   0x00000000000059b0        0x0
                0x00000000000059b0                _cfb_font_list_start = .
 *(SORT_BY_NAME(SORT_BY_ALIGNMENT(._cfb_font.static.*)))
                0x00000000000059b0                _cfb_font_list_end = .

tdata           0x00000000000059b0        0x8
 *(SORT_BY_ALIGNMENT(.tdata) SORT_BY_ALIGNMENT(.tdata.*) SORT_BY_ALIGNMENT(.gnu.linkonce.td.*))
 .tdata._rand_next
                0x00000000000059b0        0x8 /home/aki/zephyr-sdk-0.17.0/arm-zephyr-eabi/bin/../lib/gcc/../../picolibc/arm-zephyr-eabi/lib/thumb/v7-r+fp.sp/hard/libc.a(libc_stdlib_random.c.o)
                0x00000000000059b0                _rand_next

tbss            0x00000000000059b8        0x4
 *(SORT_BY_ALIGNMENT(.tbss) SORT_BY_ALIGNMENT(.tbss.*) SORT_BY_ALIGNMENT(.gnu.linkonce.tb.*) SORT_BY_ALIGNMENT(.tcommon))
 .tbss.z_tls_current
                0x00000000000059b8        0x4 libzephyr.a(thread_entry.c.obj)
                0x00000000000059b8                z_tls_current
                0x00000000000059b0                PROVIDE (__tdata_start = ADDR (tdata))
                0x0000000000000008                PROVIDE (__tdata_align = ALIGNOF (tdata))
                0x0000000000000008                PROVIDE (__tdata_size = (((SIZEOF (tdata) + __tdata_align) - 0x1) & ~ ((__tdata_align - 0x1))))
                [!provide]                        PROVIDE (__tdata_end = (__tdata_start + __tdata_size))
                0x0000000000000004                PROVIDE (__tbss_align = ALIGNOF (tbss))
                [!provide]                        PROVIDE (__tbss_start = ADDR (tbss))
                0x0000000000000004                PROVIDE (__tbss_size = (((SIZEOF (tbss) + __tbss_align) - 0x1) & ~ ((__tbss_align - 0x1))))
                [!provide]                        PROVIDE (__tbss_end = (__tbss_start + __tbss_size))
                [!provide]                        PROVIDE (__tls_start = __tdata_start)
                [!provide]                        PROVIDE (__tls_end = __tbss_end)
                [!provide]                        PROVIDE (__tls_size = (__tbss_end - __tdata_start))

rodata          0x00000000000059b8      0x8dc
 *(SORT_BY_ALIGNMENT(.rodata))
 *(SORT_BY_ALIGNMENT(.rodata.*))
 .rodata.DOUBLE_POW5_TABLE
                0x00000000000059b8       0xd0 /home/aki/zephyr-sdk-0.17.0/arm-zephyr-eabi/bin/../lib/gcc/../../picolibc/arm-zephyr-eabi/lib/thumb/v7-r+fp.sp/hard/libc.a(libc_tinystdio_ryu_table.c.o)
 .rodata.DOUBLE_POW5_SPLIT2
                0x0000000000005a88       0xd0 /home/aki/zephyr-sdk-0.17.0/arm-zephyr-eabi/bin/../lib/gcc/../../picolibc/arm-zephyr-eabi/lib/thumb/v7-r+fp.sp/hard/libc.a(libc_tinystdio_ryu_table.c.o)
 .rodata.DOUBLE_POW5_INV_SPLIT2
                0x0000000000005b58       0xf0 /home/aki/zephyr-sdk-0.17.0/arm-zephyr-eabi/bin/../lib/gcc/../../picolibc/arm-zephyr-eabi/lib/thumb/v7-r+fp.sp/hard/libc.a(libc_tinystdio_ryu_table.c.o)
 .rodata.neopixel
                0x0000000000005c48        0x8 ../app/libapp.a(main.c.obj)
 .rodata.btn    0x0000000000005c50        0x8 ../app/libapp.a(main.c.obj)
 .rodata.led    0x0000000000005c58        0x8 ../app/libapp.a(main.c.obj)
 .rodata.stdout
                0x0000000000005c60        0x4 lib/libc/picolibc/liblib__libc__picolibc.a(stdio.c.obj)
                0x0000000000005c60                stdout
                0x0000000000005c60                stderr
 .rodata.gpio_davinci_0_config
                0x0000000000005c64       0x14 drivers/gpio/libdrivers__gpio.a(gpio_davinci.c.obj)
 .rodata.__pinctrl_dev_config__device_dts_ord_28
                0x0000000000005c78        0x8 drivers/gpio/libdrivers__gpio.a(gpio_davinci.c.obj)
 .rodata.__pinctrl_states__device_dts_ord_28
                0x0000000000005c80        0x8 drivers/gpio/libdrivers__gpio.a(gpio_davinci.c.obj)
 .rodata.__pinctrl_state_pins_0__device_dts_ord_28
                0x0000000000005c88        0x8 drivers/gpio/libdrivers__gpio.a(gpio_davinci.c.obj)
 .rodata.uart_ns16550_dev_cfg_0
                0x0000000000005c90       0x1c drivers/serial/libdrivers__serial.a(uart_ns16550.c.obj)
 .rodata.__pinctrl_dev_config__device_dts_ord_17
                0x0000000000005cac        0x8 drivers/serial/libdrivers__serial.a(uart_ns16550.c.obj)
 .rodata.__pinctrl_states__device_dts_ord_17
                0x0000000000005cb4        0x8 drivers/serial/libdrivers__serial.a(uart_ns16550.c.obj)
 .rodata.__pinctrl_state_pins_0__device_dts_ord_17
                0x0000000000005cbc       0x10 drivers/serial/libdrivers__serial.a(uart_ns16550.c.obj)
 .rodata.ti_dm_timer_config_0
                0x0000000000005ccc        0x4 drivers/timer/libdrivers__timer.a(ti_dmtimer.c.obj)
 .rodata.levels.0
                0x0000000000005cd0       0x18 kernel/libkernel.a(init.c.obj)
 .rodata.POW5_OFFSETS
                0x0000000000005ce8       0x54 /home/aki/zephyr-sdk-0.17.0/arm-zephyr-eabi/bin/../lib/gcc/../../picolibc/arm-zephyr-eabi/lib/thumb/v7-r+fp.sp/hard/libc.a(libc_tinystdio_ryu_table.c.o)
 .rodata.POW5_INV_OFFSETS
                0x0000000000005d3c       0x54 /home/aki/zephyr-sdk-0.17.0/arm-zephyr-eabi/bin/../lib/gcc/../../picolibc/arm-zephyr-eabi/lib/thumb/v7-r+fp.sp/hard/libc.a(libc_tinystdio_ryu_table.c.o)
 .rodata.npio2_hw
                0x0000000000005d90       0x80 /home/aki/zephyr-sdk-0.17.0/arm-zephyr-eabi/bin/../lib/gcc/../../picolibc/arm-zephyr-eabi/lib/thumb/v7-r+fp.sp/hard/libc.a(libm_math_sf_rem_pio2.c.o)
 .rodata.two_over_pi
                0x0000000000005e10      0x318 /home/aki/zephyr-sdk-0.17.0/arm-zephyr-eabi/bin/../lib/gcc/../../picolibc/arm-zephyr-eabi/lib/thumb/v7-r+fp.sp/hard/libc.a(libm_math_sf_rem_pio2.c.o)
 .rodata.PIo2   0x0000000000006128       0x2c /home/aki/zephyr-sdk-0.17.0/arm-zephyr-eabi/bin/../lib/gcc/../../picolibc/arm-zephyr-eabi/lib/thumb/v7-r+fp.sp/hard/libc.a(libm_math_kf_rem_pio2.c.o)
 .rodata.init_jk
                0x0000000000006154        0xc /home/aki/zephyr-sdk-0.17.0/arm-zephyr-eabi/bin/../lib/gcc/../../picolibc/arm-zephyr-eabi/lib/thumb/v7-r+fp.sp/hard/libc.a(libm_math_kf_rem_pio2.c.o)
 .rodata.initialize_gpio.str1.1
                0x0000000000006160       0x58 ../app/libapp.a(main.c.obj)
 .rodata.main.str1.1
                0x00000000000061b8       0x51 ../app/libapp.a(main.c.obj)
 .rodata._exit.str1.1
                0x0000000000006209        0x5 lib/libc/picolibc/liblib__libc__picolibc.a(exit.c.obj)
 .rodata.str1.1
                0x000000000000620e        0xd drivers/gpio/libdrivers__gpio.a(gpio_davinci.c.obj)
 .rodata.str1.1
                0x000000000000621b        0xe drivers/pinctrl/libdrivers__pinctrl.a(pinctrl_ti_k3.c.obj)
 .rodata.str1.1
                0x0000000000006229        0xd drivers/serial/libdrivers__serial.a(uart_ns16550.c.obj)
 .rodata.str1.1
                0x0000000000006236        0xe drivers/timer/libdrivers__timer.a(ti_dmtimer.c.obj)
 .rodata.z_cstart.str1.1
                0x0000000000006244        0x5 kernel/libkernel.a(init.c.obj)
 .rodata.boot_banner.str1.1
                0x0000000000006249       0x3b kernel/libkernel.a(banner.c.obj)
 .rodata.vfprintf.str1.1
                0x0000000000006284        0xf /home/aki/zephyr-sdk-0.17.0/arm-zephyr-eabi/bin/../lib/gcc/../../picolibc/arm-zephyr-eabi/lib/thumb/v7-r+fp.sp/hard/libc.a(libc_tinystdio_vfprintf.c.o)
 *(SORT_BY_ALIGNMENT(.gnu.linkonce.r.*))
                0x0000000000006294                . = ALIGN (0x4)
 *fill*         0x0000000000006293        0x1 
                0x0000000000006294                . = ALIGN (_region_min_align)
                0x0000000000006294                __rodata_region_end = .
                0x0000000000006294                __rom_region_end = .
                0x0000000000006294                . = ALIGN (_region_min_align)
                0x000000000000001c                _image_rom_end_order = ((LOG2CEIL (__rom_region_end) - 0x1) << 0x1)

.got            0x0000000000006294        0x0
 *(SORT_BY_ALIGNMENT(.got.plt))
 *(SORT_BY_ALIGNMENT(.igot.plt))
 .igot.plt      0x0000000000006294        0x0 ../app/libapp.a(main.c.obj)
 *(SORT_BY_ALIGNMENT(.got))
 *(SORT_BY_ALIGNMENT(.igot))
                0x0000000000000000                . = 0x0
                0x0000000000000000                . = ALIGN (_region_min_align)
                0x0000000000000000                _image_ram_start = .

bss             0x0000000000006298      0x2ca
                0x0000000000006298                . = ALIGN (0x4)
                0x0000000000006298                __bss_start = .
                0x0000000000006298                __kernel_ram_start = .
 *(SORT_BY_ALIGNMENT(.bss))
 *(SORT_BY_ALIGNMENT(.bss.*))
 .bss.z_idle_threads
                0x0000000000006298       0xb8 kernel/libkernel.a(init.c.obj)
                0x0000000000006298                z_idle_threads
 .bss.z_main_thread
                0x0000000000006350       0xb8 kernel/libkernel.a(init.c.obj)
                0x0000000000006350                z_main_thread
 .bss._thread_dummy
                0x0000000000006408       0xb8 kernel/libkernel.a(sched.c.obj)
                0x0000000000006408                _thread_dummy
 .bss.slice_timeouts
                0x00000000000064c0       0x18 kernel/libkernel.a(timeslicing.c.obj)
 .bss.curr_tick
                0x00000000000064d8        0x8 kernel/libkernel.a(timeout.c.obj)
 .bss.angle.0   0x00000000000064e0        0x4 ../app/libapp.a(main.c.obj)
 .bss.color.1   0x00000000000064e4       0x20 ../app/libapp.a(main.c.obj)
 .bss.junk_delay
                0x0000000000006504        0x4 ../app/libapp.a(main.c.obj)
                0x0000000000006504                junk_delay
 .bss._stdout_hook
                0x0000000000006508        0x4 lib/libc/picolibc/liblib__libc__picolibc.a(stdio.c.obj)
 .bss.z_malloc_heap
                0x000000000000650c        0xc lib/libc/common/liblib__libc__common.a(malloc.c.obj)
 .bss.gpio_davinci_0_data
                0x0000000000006518        0xc drivers/gpio/libdrivers__gpio.a(gpio_davinci.c.obj)
 .bss.ti_dm_timer_data_0
                0x0000000000006524        0x4 drivers/timer/libdrivers__timer.a(ti_dmtimer.c.obj)
 .bss.systick_timer_dev
                0x0000000000006528        0x4 drivers/timer/libdrivers__timer.a(ti_dmtimer.c.obj)
 .bss._kernel   0x000000000000652c       0x28 kernel/libkernel.a(init.c.obj)
                0x000000000000652c                _kernel
 .bss.slice_max_prio
                0x0000000000006554        0x4 kernel/libkernel.a(timeslicing.c.obj)
 .bss.slice_ticks
                0x0000000000006558        0x4 kernel/libkernel.a(timeslicing.c.obj)
 .bss.announce_remaining
                0x000000000000655c        0x4 kernel/libkernel.a(timeout.c.obj)
 .bss.pinctrl_ti_k3_dev
                0x0000000000006560        0x0 drivers/pinctrl/libdrivers__pinctrl.a(pinctrl_ti_k3.c.obj)
 .bss.z_sys_post_kernel
                0x0000000000006560        0x1 kernel/libkernel.a(init.c.obj)
                0x0000000000006560                z_sys_post_kernel
 .bss._sched_spinlock
                0x0000000000006561        0x0 kernel/libkernel.a(sched.c.obj)
                0x0000000000006561                _sched_spinlock
 .bss.slice_expired
                0x0000000000006561        0x1 kernel/libkernel.a(timeslicing.c.obj)
 *(SORT_BY_ALIGNMENT(COMMON))
 *(SORT_BY_ALIGNMENT(.kernel_bss.*))
                0x0000000000006564                __bss_end = ALIGN (0x4)

noinit          0x0000000000006568     0x1640
 *(SORT_BY_ALIGNMENT(.noinit))
 *(SORT_BY_ALIGNMENT(.noinit.*))
 .noinit."WEST_TOPDIR/zephyr/arch/arm/core/cortex_a_r/stacks.c".4
                0x0000000000006568      0x400 arch/arch/arm/core/cortex_a_r/libarch__arm__core__cortex_a_r.a(stacks.c.obj)
                0x0000000000006568                z_arm_sys_stack
 .noinit."WEST_TOPDIR/zephyr/arch/arm/core/cortex_a_r/stacks.c".3
                0x0000000000006968      0x200 arch/arch/arm/core/cortex_a_r/libarch__arm__core__cortex_a_r.a(stacks.c.obj)
                0x0000000000006968                z_arm_svc_stack
 .noinit."WEST_TOPDIR/zephyr/arch/arm/core/cortex_a_r/stacks.c".2
                0x0000000000006b68      0x100 arch/arch/arm/core/cortex_a_r/libarch__arm__core__cortex_a_r.a(stacks.c.obj)
                0x0000000000006b68                z_arm_undef_stack
 .noinit."WEST_TOPDIR/zephyr/arch/arm/core/cortex_a_r/stacks.c".1
                0x0000000000006c68      0x100 arch/arch/arm/core/cortex_a_r/libarch__arm__core__cortex_a_r.a(stacks.c.obj)
                0x0000000000006c68                z_arm_abort_stack
 .noinit."WEST_TOPDIR/zephyr/arch/arm/core/cortex_a_r/stacks.c".0
                0x0000000000006d68      0x100 arch/arch/arm/core/cortex_a_r/libarch__arm__core__cortex_a_r.a(stacks.c.obj)
                0x0000000000006d68                z_arm_fiq_stack
 .noinit."WEST_TOPDIR/zephyr/kernel/init.c".2
                0x0000000000006e68      0x800 kernel/libkernel.a(init.c.obj)
                0x0000000000006e68                z_interrupt_stacks
 .noinit."WEST_TOPDIR/zephyr/kernel/init.c".1
                0x0000000000007668      0x140 kernel/libkernel.a(init.c.obj)
 .noinit."WEST_TOPDIR/zephyr/kernel/init.c".0
                0x00000000000077a8      0x400 kernel/libkernel.a(init.c.obj)
                0x00000000000077a8                z_main_stack

datas           0x0000000000007ba8       0x64
                0x0000000000007ba8                __data_region_start = .
                0x0000000000007ba8                __data_start = .
 *(SORT_BY_ALIGNMENT(.data))
 *(SORT_BY_ALIGNMENT(.data.*))
 .data._char_out
                0x0000000000007ba8        0x4 libzephyr.a(printk.c.obj)
 .data.handler  0x0000000000007bac        0x4 arch/arch/arm/core/libarch__arm__core.a(nmi.c.obj)
 .data.arm_cpu_boot_params
                0x0000000000007bb0       0x2c arch/arch/arm/core/cortex_a_r/libarch__arm__core__cortex_a_r.a(smp.c.obj)
                0x0000000000007bb0                arm_cpu_boot_params
 .data.__stdout
                0x0000000000007bdc       0x10 lib/libc/picolibc/liblib__libc__picolibc.a(stdio.c.obj)
 .data.pinctrl_ti_k3_cfg
                0x0000000000007bec        0x4 drivers/pinctrl/libdrivers__pinctrl.a(pinctrl_ti_k3.c.obj)
 .data.uart_ns16550_dev_data_0
                0x0000000000007bf0       0x14 drivers/serial/libdrivers__serial.a(uart_ns16550.c.obj)
 .data.timeout_list
                0x0000000000007c04        0x8 kernel/libkernel.a(timeout.c.obj)
 *(SORT_BY_ALIGNMENT(.kernel.*))
                0x0000000000007c0c                __data_end = .
                0x0000000000000064                __data_size = (__data_end - __data_start)
                0x0000000000007ba8                __data_load_start = LOADADDR (datas)
                0x0000000000007ba8                __data_region_load_start = LOADADDR (datas)

device_states   0x0000000000007c0c        0x8
                0x0000000000007c0c                __device_states_start = .
 *(SORT_BY_ALIGNMENT(.z_devstate))
 .z_devstate    0x0000000000007c0c        0x2 drivers/gpio/libdrivers__gpio.a(gpio_davinci.c.obj)
 .z_devstate    0x0000000000007c0e        0x2 drivers/pinctrl/libdrivers__pinctrl.a(pinctrl_ti_k3.c.obj)
 .z_devstate    0x0000000000007c10        0x2 drivers/serial/libdrivers__serial.a(uart_ns16550.c.obj)
 .z_devstate    0x0000000000007c12        0x2 drivers/timer/libdrivers__timer.a(ti_dmtimer.c.obj)
 *(SORT_BY_ALIGNMENT(.z_devstate.*))
                0x0000000000007c14                __device_states_end = .

log_mpsc_pbuf_area
                0x0000000000007c14        0x0
                0x0000000000007c14                _log_mpsc_pbuf_list_start = .
 *(SORT_BY_NAME(SORT_BY_ALIGNMENT(._log_mpsc_pbuf.static.*)))
                0x0000000000007c14                _log_mpsc_pbuf_list_end = .

log_msg_ptr_area
                0x0000000000007c14        0x0
                0x0000000000007c14                _log_msg_ptr_list_start = .
 *(SORT_BY_NAME(SORT_BY_ALIGNMENT(._log_msg_ptr.static.*)))
                0x0000000000007c14                _log_msg_ptr_list_end = .

log_dynamic_area
                0x0000000000007c14        0x0
                0x0000000000007c14                _log_dynamic_list_start = .
 *(SORT_BY_NAME(SORT_BY_ALIGNMENT(._log_dynamic.static.*)))
                0x0000000000007c14                _log_dynamic_list_end = .

k_timer_area    0x0000000000007c14        0x0
                0x0000000000007c14                _k_timer_list_start = .
 *(SORT_BY_NAME(SORT_BY_ALIGNMENT(._k_timer.static.*)))
                0x0000000000007c14                _k_timer_list_end = .

k_mem_slab_area
                0x0000000000007c14        0x0
                0x0000000000007c14                _k_mem_slab_list_start = .
 *(SORT_BY_NAME(SORT_BY_ALIGNMENT(._k_mem_slab.static.*)))
                0x0000000000007c14                _k_mem_slab_list_end = .

k_heap_area     0x0000000000007c14        0x0
                0x0000000000007c14                _k_heap_list_start = .
 *(SORT_BY_NAME(SORT_BY_ALIGNMENT(._k_heap.static.*)))
                0x0000000000007c14                _k_heap_list_end = .

k_mutex_area    0x0000000000007c14        0x0
                0x0000000000007c14                _k_mutex_list_start = .
 *(SORT_BY_NAME(SORT_BY_ALIGNMENT(._k_mutex.static.*)))
                0x0000000000007c14                _k_mutex_list_end = .

k_stack_area    0x0000000000007c14        0x0
                0x0000000000007c14                _k_stack_list_start = .
 *(SORT_BY_NAME(SORT_BY_ALIGNMENT(._k_stack.static.*)))
                0x0000000000007c14                _k_stack_list_end = .

k_msgq_area     0x0000000000007c14        0x0
                0x0000000000007c14                _k_msgq_list_start = .
 *(SORT_BY_NAME(SORT_BY_ALIGNMENT(._k_msgq.static.*)))
                0x0000000000007c14                _k_msgq_list_end = .

k_mbox_area     0x0000000000007c14        0x0
                0x0000000000007c14                _k_mbox_list_start = .